23:32:00 **** Incremental Build of configuration Debug for project CAN_v1 ****
make -j4 all 
Building file: ../src/main.c
Invoking: MCU GCC Compiler
C:\Users\hj2dv3\STM32_workbench\CAN_v1\Debug
arm-none-eabi-gcc -mcpu=cortex-m3 -mthumb -mfloat-abi=soft -DSTM32 -DSTM32F1 -DSTM32F103C8Tx -DDEBUG -DSTM32F10X_MD -DUSE_STDPERIPH_DRIVER -I"C:/Users/hj2dv3/STM32_workbench/CAN_v1/StdPeriph_Driver/inc" -I"C:/Users/hj2dv3/STM32_workbench/CAN_v1/inc" -I"C:/Users/hj2dv3/STM32_workbench/CAN_v1/CMSIS/device" -I"C:/Users/hj2dv3/STM32_workbench/CAN_v1/CMSIS/core" -O0 -g3 -Wall -fmessage-length=0 -ffunction-sections -c -MMD -MP -MF"src/main.d" -MT"src/main.o" -o "src/main.o" "../src/main.c"
../src/main.c: In function 'main':
../src/main.c:41:9: warning: variable 'temp1' set but not used [-Wunused-but-set-variable]
 uint8_t temp1;
         ^~~~~
Finished building: ../src/main.c
 
Building target: CAN_v1.elf
Invoking: MCU GCC Linker
arm-none-eabi-gcc -mcpu=cortex-m3 -mthumb -mfloat-abi=soft -T"C:/Users/hj2dv3/STM32_workbench/CAN_v1/LinkerScript.ld" -Wl,-Map=output.map -Wl,--gc-sections -o "CAN_v1.elf" @"objects.list"   -lm
Finished building target: CAN_v1.elf
 
make --no-print-directory post-build
Generating binary and Printing size information:
arm-none-eabi-objcopy -O binary "CAN_v1.elf" "CAN_v1.bin"
arm-none-eabi-size "CAN_v1.elf"
   text	   data	    bss	    dec	    hex	filename
   6944	   1104	   1188	   9236	   2414	CAN_v1.elf
 
23:32:33 **** Incremental Build of configuration Debug for project CAN_v1 ****
make -j4 all 
make: Nothing to be done for 'all'.
23:48:26 **** Incremental Build of configuration Debug for project CAN_v1 ****
make -j4 all 
make: Nothing to be done for 'all'.
00:17:56 **** Incremental Build of configuration Debug for project CAN_v1 ****
make -j4 all 
Building file: ../src/main.c
Invoking: MCU GCC Compiler
C:\Users\hj2dv3\STM32_workbench\CAN_v1\Debug
arm-none-eabi-gcc -mcpu=cortex-m3 -mthumb -mfloat-abi=soft -DSTM32 -DSTM32F1 -DSTM32F103C8Tx -DDEBUG -DSTM32F10X_MD -DUSE_STDPERIPH_DRIVER -I"C:/Users/hj2dv3/STM32_workbench/CAN_v1/StdPeriph_Driver/inc" -I"C:/Users/hj2dv3/STM32_workbench/CAN_v1/inc" -I"C:/Users/hj2dv3/STM32_workbench/CAN_v1/CMSIS/device" -I"C:/Users/hj2dv3/STM32_workbench/CAN_v1/CMSIS/core" -O0 -g3 -Wall -fmessage-length=0 -ffunction-sections -c -MMD -MP -MF"src/main.d" -MT"src/main.o" -o "src/main.o" "../src/main.c"
../src/main.c: In function 'main':
../src/main.c:43:9: warning: unused variable 'TransmitStatus' [-Wunused-variable]
 uint8_t TransmitStatus[3] = {0,0,0};
         ^~~~~~~~~~~~~~
../src/main.c:42:10: warning: variable 'temp2' set but not used [-Wunused-but-set-variable]
 uint32_t temp2;
          ^~~~~
../src/main.c:41:9: warning: variable 'temp1' set but not used [-Wunused-but-set-variable]
 uint8_t temp1;
         ^~~~~
Finished building: ../src/main.c
 
Building target: CAN_v1.elf
Invoking: MCU GCC Linker
arm-none-eabi-gcc -mcpu=cortex-m3 -mthumb -mfloat-abi=soft -T"C:/Users/hj2dv3/STM32_workbench/CAN_v1/LinkerScript.ld" -Wl,-Map=output.map -Wl,--gc-sections -o "CAN_v1.elf" @"objects.list"   -lm
Finished building target: CAN_v1.elf
 
make --no-print-directory post-build
Generating binary and Printing size information:
arm-none-eabi-objcopy -O binary "CAN_v1.elf" "CAN_v1.bin"
arm-none-eabi-size "CAN_v1.elf"
   text	   data	    bss	    dec	    hex	filename
   7224	   1104	   1188	   9516	   252c	CAN_v1.elf
 
00:18:38 **** Incremental Build of configuration Debug for project CAN_v1 ****
make -j4 all 
Building file: ../src/main.c
Invoking: MCU GCC Compiler
C:\Users\hj2dv3\STM32_workbench\CAN_v1\Debug
arm-none-eabi-gcc -mcpu=cortex-m3 -mthumb -mfloat-abi=soft -DSTM32 -DSTM32F1 -DSTM32F103C8Tx -DDEBUG -DSTM32F10X_MD -DUSE_STDPERIPH_DRIVER -I"C:/Users/hj2dv3/STM32_workbench/CAN_v1/StdPeriph_Driver/inc" -I"C:/Users/hj2dv3/STM32_workbench/CAN_v1/inc" -I"C:/Users/hj2dv3/STM32_workbench/CAN_v1/CMSIS/device" -I"C:/Users/hj2dv3/STM32_workbench/CAN_v1/CMSIS/core" -O0 -g3 -Wall -fmessage-length=0 -ffunction-sections -c -MMD -MP -MF"src/main.d" -MT"src/main.o" -o "src/main.o" "../src/main.c"
../src/main.c: In function 'main':
../src/main.c:43:9: warning: variable 'TransmitStatus' set but not used [-Wunused-but-set-variable]
 uint8_t TransmitStatus[3] = {0,0,0};
         ^~~~~~~~~~~~~~
../src/main.c:42:10: warning: variable 'temp2' set but not used [-Wunused-but-set-variable]
 uint32_t temp2;
          ^~~~~
../src/main.c:41:9: warning: variable 'temp1' set but not used [-Wunused-but-set-variable]
 uint8_t temp1;
         ^~~~~
Finished building: ../src/main.c
 
Building target: CAN_v1.elf
Invoking: MCU GCC Linker
arm-none-eabi-gcc -mcpu=cortex-m3 -mthumb -mfloat-abi=soft -T"C:/Users/hj2dv3/STM32_workbench/CAN_v1/LinkerScript.ld" -Wl,-Map=output.map -Wl,--gc-sections -o "CAN_v1.elf" @"objects.list"   -lm
Finished building target: CAN_v1.elf
 
make --no-print-directory post-build
Generating binary and Printing size information:
arm-none-eabi-objcopy -O binary "CAN_v1.elf" "CAN_v1.bin"
arm-none-eabi-size "CAN_v1.elf"
   text	   data	    bss	    dec	    hex	filename
   7252	   1104	   1188	   9544	   2548	CAN_v1.elf
 
00:18:50 **** Incremental Build of configuration Debug for project CAN_v1 ****
make -j4 all 
make: Nothing to be done for 'all'.
00:19:54 **** Incremental Build of configuration Debug for project CAN_v1 ****
make -j4 all 
Building file: ../src/main.c
Invoking: MCU GCC Compiler
C:\Users\hj2dv3\STM32_workbench\CAN_v1\Debug
arm-none-eabi-gcc -mcpu=cortex-m3 -mthumb -mfloat-abi=soft -DSTM32 -DSTM32F1 -DSTM32F103C8Tx -DDEBUG -DSTM32F10X_MD -DUSE_STDPERIPH_DRIVER -I"C:/Users/hj2dv3/STM32_workbench/CAN_v1/StdPeriph_Driver/inc" -I"C:/Users/hj2dv3/STM32_workbench/CAN_v1/inc" -I"C:/Users/hj2dv3/STM32_workbench/CAN_v1/CMSIS/device" -I"C:/Users/hj2dv3/STM32_workbench/CAN_v1/CMSIS/core" -O0 -g3 -Wall -fmessage-length=0 -ffunction-sections -c -MMD -MP -MF"src/main.d" -MT"src/main.o" -o "src/main.o" "../src/main.c"
../src/main.c: In function 'main':
../src/main.c:43:9: warning: variable 'TransmitStatus' set but not used [-Wunused-but-set-variable]
 uint8_t TransmitStatus[3] = {0,0,0};
         ^~~~~~~~~~~~~~
../src/main.c:42:10: warning: variable 'temp2' set but not used [-Wunused-but-set-variable]
 uint32_t temp2;
          ^~~~~
../src/main.c:41:9: warning: variable 'temp1' set but not used [-Wunused-but-set-variable]
 uint8_t temp1;
         ^~~~~
../src/main.c: In function 'CAN_Config':
../src/main.c:91:11: warning: variable 'ststus' set but not used [-Wunused-but-set-variable]
   uint8_t ststus = 10;
           ^~~~~~
Finished building: ../src/main.c
 
Building target: CAN_v1.elf
Invoking: MCU GCC Linker
arm-none-eabi-gcc -mcpu=cortex-m3 -mthumb -mfloat-abi=soft -T"C:/Users/hj2dv3/STM32_workbench/CAN_v1/LinkerScript.ld" -Wl,-Map=output.map -Wl,--gc-sections -o "CAN_v1.elf" @"objects.list"   -lm
Finished building target: CAN_v1.elf
 
make --no-print-directory post-build
Generating binary and Printing size information:
arm-none-eabi-objcopy -O binary "CAN_v1.elf" "CAN_v1.bin"
arm-none-eabi-size "CAN_v1.elf"
   text	   data	    bss	    dec	    hex	filename
   7260	   1104	   1188	   9552	   2550	CAN_v1.elf
 
00:20:00 **** Incremental Build of configuration Debug for project CAN_v1 ****
make -j4 all 
make: Nothing to be done for 'all'.
01:00:58 **** Incremental Build of configuration Debug for project CAN_v1 ****
make -j4 all 
Building file: ../src/main.c
Invoking: MCU GCC Compiler
C:\Users\hj2dv3\STM32_workbench\CAN_v1\Debug
arm-none-eabi-gcc -mcpu=cortex-m3 -mthumb -mfloat-abi=soft -DSTM32 -DSTM32F1 -DSTM32F103C8Tx -DDEBUG -DSTM32F10X_MD -DUSE_STDPERIPH_DRIVER -I"C:/Users/hj2dv3/STM32_workbench/CAN_v1/StdPeriph_Driver/inc" -I"C:/Users/hj2dv3/STM32_workbench/CAN_v1/inc" -I"C:/Users/hj2dv3/STM32_workbench/CAN_v1/CMSIS/device" -I"C:/Users/hj2dv3/STM32_workbench/CAN_v1/CMSIS/core" -O0 -g3 -Wall -fmessage-length=0 -ffunction-sections -c -MMD -MP -MF"src/main.d" -MT"src/main.o" -o "src/main.o" "../src/main.c"
../src/main.c: In function 'main':
../src/main.c:43:9: warning: variable 'TransmitStatus' set but not used [-Wunused-but-set-variable]
 uint8_t TransmitStatus[3] = {0,0,0};
         ^~~~~~~~~~~~~~
../src/main.c:42:10: warning: variable 'temp2' set but not used [-Wunused-but-set-variable]
 uint32_t temp2;
          ^~~~~
../src/main.c:41:9: warning: variable 'temp1' set but not used [-Wunused-but-set-variable]
 uint8_t temp1;
         ^~~~~
../src/main.c: In function 'CAN_Config':
../src/main.c:95:11: warning: variable 'ststus' set but not used [-Wunused-but-set-variable]
   uint8_t ststus = 10;
           ^~~~~~
Finished building: ../src/main.c
 
Building target: CAN_v1.elf
Invoking: MCU GCC Linker
arm-none-eabi-gcc -mcpu=cortex-m3 -mthumb -mfloat-abi=soft -T"C:/Users/hj2dv3/STM32_workbench/CAN_v1/LinkerScript.ld" -Wl,-Map=output.map -Wl,--gc-sections -o "CAN_v1.elf" @"objects.list"   -lm
Finished building target: CAN_v1.elf
 
make --no-print-directory post-build
Generating binary and Printing size information:
arm-none-eabi-objcopy -O binary "CAN_v1.elf" "CAN_v1.bin"
arm-none-eabi-size "CAN_v1.elf"
   text	   data	    bss	    dec	    hex	filename
   7232	   1104	   1188	   9524	   2534	CAN_v1.elf
 
01:01:05 **** Incremental Build of configuration Debug for project CAN_v1 ****
make -j4 all 
make: Nothing to be done for 'all'.
01:24:12 **** Incremental Build of configuration Debug for project CAN_v1 ****
make -j4 all 
Building file: ../src/main.c
Invoking: MCU GCC Compiler
C:\Users\hj2dv3\STM32_workbench\CAN_v1\Debug
arm-none-eabi-gcc -mcpu=cortex-m3 -mthumb -mfloat-abi=soft -DSTM32 -DSTM32F1 -DSTM32F103C8Tx -DDEBUG -DSTM32F10X_MD -DUSE_STDPERIPH_DRIVER -I"C:/Users/hj2dv3/STM32_workbench/CAN_v1/StdPeriph_Driver/inc" -I"C:/Users/hj2dv3/STM32_workbench/CAN_v1/inc" -I"C:/Users/hj2dv3/STM32_workbench/CAN_v1/CMSIS/device" -I"C:/Users/hj2dv3/STM32_workbench/CAN_v1/CMSIS/core" -O0 -g3 -Wall -fmessage-length=0 -ffunction-sections -c -MMD -MP -MF"src/main.d" -MT"src/main.o" -o "src/main.o" "../src/main.c"
../src/main.c: In function 'main':
../src/main.c:43:9: warning: variable 'TransmitStatus' set but not used [-Wunused-but-set-variable]
 uint8_t TransmitStatus[3] = {0,0,0};
         ^~~~~~~~~~~~~~
../src/main.c:42:10: warning: variable 'temp2' set but not used [-Wunused-but-set-variable]
 uint32_t temp2;
          ^~~~~
../src/main.c:41:9: warning: variable 'temp1' set but not used [-Wunused-but-set-variable]
 uint8_t temp1;
         ^~~~~
../src/main.c: In function 'CAN_Config':
../src/main.c:88:11: warning: variable 'ststus' set but not used [-Wunused-but-set-variable]
   uint8_t ststus = 10;
           ^~~~~~
Finished building: ../src/main.c
 
Building target: CAN_v1.elf
Invoking: MCU GCC Linker
arm-none-eabi-gcc -mcpu=cortex-m3 -mthumb -mfloat-abi=soft -T"C:/Users/hj2dv3/STM32_workbench/CAN_v1/LinkerScript.ld" -Wl,-Map=output.map -Wl,--gc-sections -o "CAN_v1.elf" @"objects.list"   -lm
Finished building target: CAN_v1.elf
 
make --no-print-directory post-build
Generating binary and Printing size information:
arm-none-eabi-objcopy -O binary "CAN_v1.elf" "CAN_v1.bin"
arm-none-eabi-size "CAN_v1.elf"
   text	   data	    bss	    dec	    hex	filename
   7260	   1104	   1188	   9552	   2550	CAN_v1.elf
 
01:24:19 **** Incremental Build of configuration Debug for project CAN_v1 ****
make -j4 all 
make: Nothing to be done for 'all'.
01:25:49 **** Incremental Build of configuration Debug for project CAN_v1 ****
make -j4 all 
make: Nothing to be done for 'all'.
22:35:14 **** Incremental Build of configuration Debug for project CAN_v1 ****
make -j4 all 
Building file: ../src/main.c
Invoking: MCU GCC Compiler
C:\Users\hj2dv3\STM32_workbench\CAN_v1\Debug
arm-none-eabi-gcc -mcpu=cortex-m3 -mthumb -mfloat-abi=soft -DSTM32 -DSTM32F1 -DSTM32F103C8Tx -DDEBUG -DSTM32F10X_MD -DUSE_STDPERIPH_DRIVER -I"C:/Users/hj2dv3/STM32_workbench/CAN_v1/StdPeriph_Driver/inc" -I"C:/Users/hj2dv3/STM32_workbench/CAN_v1/inc" -I"C:/Users/hj2dv3/STM32_workbench/CAN_v1/CMSIS/device" -I"C:/Users/hj2dv3/STM32_workbench/CAN_v1/CMSIS/core" -O0 -g3 -Wall -fmessage-length=0 -ffunction-sections -c -MMD -MP -MF"src/main.d" -MT"src/main.o" -o "src/main.o" "../src/main.c"
../src/main.c: In function 'main':
../src/main.c:43:9: warning: variable 'TransmitStatus' set but not used [-Wunused-but-set-variable]
 uint8_t TransmitStatus[3] = {0,0,0};
         ^~~~~~~~~~~~~~
../src/main.c:42:10: warning: variable 'temp2' set but not used [-Wunused-but-set-variable]
 uint32_t temp2;
          ^~~~~
../src/main.c:41:9: warning: variable 'temp1' set but not used [-Wunused-but-set-variable]
 uint8_t temp1;
         ^~~~~
../src/main.c: In function 'CAN_Config':
../src/main.c:88:11: warning: variable 'ststus' set but not used [-Wunused-but-set-variable]
   uint8_t ststus = 10;
           ^~~~~~
Finished building: ../src/main.c
 
Building target: CAN_v1.elf
Invoking: MCU GCC Linker
arm-none-eabi-gcc -mcpu=cortex-m3 -mthumb -mfloat-abi=soft -T"C:/Users/hj2dv3/STM32_workbench/CAN_v1/LinkerScript.ld" -Wl,-Map=output.map -Wl,--gc-sections -o "CAN_v1.elf" @"objects.list"   -lm
Finished building target: CAN_v1.elf
 
make --no-print-directory post-build
Generating binary and Printing size information:
arm-none-eabi-objcopy -O binary "CAN_v1.elf" "CAN_v1.bin"
arm-none-eabi-size "CAN_v1.elf"
   text	   data	    bss	    dec	    hex	filename
   7260	   1104	   1188	   9552	   2550	CAN_v1.elf
 
23:08:45 **** Incremental Build of configuration Debug for project CAN_v1 ****
make -j4 all 
make: Nothing to be done for 'all'.
23:08:54 **** Incremental Build of configuration Debug for project CAN_v1 ****
make -j4 all 
make: Nothing to be done for 'all'.
23:28:37 **** Incremental Build of configuration Debug for project CAN_v1 ****
make -j4 all 
Building file: ../src/main.c
Invoking: MCU GCC Compiler
C:\Users\hj2dv3\STM32_workbench\CAN_v1\Debug
arm-none-eabi-gcc -mcpu=cortex-m3 -mthumb -mfloat-abi=soft -DSTM32 -DSTM32F1 -DSTM32F103C8Tx -DDEBUG -DSTM32F10X_MD -DUSE_STDPERIPH_DRIVER -I"C:/Users/hj2dv3/STM32_workbench/CAN_v1/StdPeriph_Driver/inc" -I"C:/Users/hj2dv3/STM32_workbench/CAN_v1/inc" -I"C:/Users/hj2dv3/STM32_workbench/CAN_v1/CMSIS/device" -I"C:/Users/hj2dv3/STM32_workbench/CAN_v1/CMSIS/core" -O0 -g3 -Wall -fmessage-length=0 -ffunction-sections -c -MMD -MP -MF"src/main.d" -MT"src/main.o" -o "src/main.o" "../src/main.c"
../src/main.c: In function 'main':
../src/main.c:43:9: warning: variable 'TransmitStatus' set but not used [-Wunused-but-set-variable]
 uint8_t TransmitStatus[3] = {0,0,0};
         ^~~~~~~~~~~~~~
../src/main.c:42:10: warning: variable 'temp2' set but not used [-Wunused-but-set-variable]
 uint32_t temp2;
          ^~~~~
../src/main.c:41:9: warning: variable 'temp1' set but not used [-Wunused-but-set-variable]
 uint8_t temp1;
         ^~~~~
../src/main.c: In function 'CAN_Config':
../src/main.c:88:11: warning: variable 'ststus' set but not used [-Wunused-but-set-variable]
   uint8_t ststus = 10;
           ^~~~~~
Finished building: ../src/main.c
 
Building target: CAN_v1.elf
Invoking: MCU GCC Linker
arm-none-eabi-gcc -mcpu=cortex-m3 -mthumb -mfloat-abi=soft -T"C:/Users/hj2dv3/STM32_workbench/CAN_v1/LinkerScript.ld" -Wl,-Map=output.map -Wl,--gc-sections -o "CAN_v1.elf" @"objects.list"   -lm
Finished building target: CAN_v1.elf
 
make --no-print-directory post-build
Generating binary and Printing size information:
arm-none-eabi-objcopy -O binary "CAN_v1.elf" "CAN_v1.bin"
arm-none-eabi-size "CAN_v1.elf"
   text	   data	    bss	    dec	    hex	filename
   7252	   1104	   1188	   9544	   2548	CAN_v1.elf
 
23:29:12 **** Incremental Build of configuration Debug for project CAN_v1 ****
make -j4 all 
make: Nothing to be done for 'all'.
23:31:37 **** Incremental Build of configuration Debug for project CAN_v1 ****
make -j4 all 
make: Nothing to be done for 'all'.
23:43:30 **** Incremental Build of configuration Debug for project CAN_v1 ****
make -j4 all 
Building file: ../src/main.c
Invoking: MCU GCC Compiler
C:\Users\hj2dv3\STM32_workbench\CAN_v1\Debug
arm-none-eabi-gcc -mcpu=cortex-m3 -mthumb -mfloat-abi=soft -DSTM32 -DSTM32F1 -DSTM32F103C8Tx -DDEBUG -DSTM32F10X_MD -DUSE_STDPERIPH_DRIVER -I"C:/Users/hj2dv3/STM32_workbench/CAN_v1/StdPeriph_Driver/inc" -I"C:/Users/hj2dv3/STM32_workbench/CAN_v1/inc" -I"C:/Users/hj2dv3/STM32_workbench/CAN_v1/CMSIS/device" -I"C:/Users/hj2dv3/STM32_workbench/CAN_v1/CMSIS/core" -O0 -g3 -Wall -fmessage-length=0 -ffunction-sections -c -MMD -MP -MF"src/main.d" -MT"src/main.o" -o "src/main.o" "../src/main.c"
../src/main.c: In function 'main':
../src/main.c:43:9: warning: variable 'TransmitStatus' set but not used [-Wunused-but-set-variable]
 uint8_t TransmitStatus[3] = {0,0,0};
         ^~~~~~~~~~~~~~
../src/main.c:42:10: warning: variable 'temp2' set but not used [-Wunused-but-set-variable]
 uint32_t temp2;
          ^~~~~
../src/main.c:41:9: warning: variable 'temp1' set but not used [-Wunused-but-set-variable]
 uint8_t temp1;
         ^~~~~
../src/main.c: In function 'CAN_Config':
../src/main.c:88:11: warning: variable 'ststus' set but not used [-Wunused-but-set-variable]
   uint8_t ststus = 10;
           ^~~~~~
Finished building: ../src/main.c
 
Building target: CAN_v1.elf
Invoking: MCU GCC Linker
arm-none-eabi-gcc -mcpu=cortex-m3 -mthumb -mfloat-abi=soft -T"C:/Users/hj2dv3/STM32_workbench/CAN_v1/LinkerScript.ld" -Wl,-Map=output.map -Wl,--gc-sections -o "CAN_v1.elf" @"objects.list"   -lm
Finished building target: CAN_v1.elf
 
make --no-print-directory post-build
Generating binary and Printing size information:
arm-none-eabi-objcopy -O binary "CAN_v1.elf" "CAN_v1.bin"
arm-none-eabi-size "CAN_v1.elf"
   text	   data	    bss	    dec	    hex	filename
   7252	   1104	   1188	   9544	   2548	CAN_v1.elf
 
23:43:52 **** Incremental Build of configuration Debug for project CAN_v1 ****
make -j4 all 
make: Nothing to be done for 'all'.
00:07:44 **** Incremental Build of configuration Debug for project CAN_v1 ****
make -j4 all 
Building file: ../src/main.c
Invoking: MCU GCC Compiler
C:\Users\hj2dv3\STM32_workbench\CAN_v1\Debug
arm-none-eabi-gcc -mcpu=cortex-m3 -mthumb -mfloat-abi=soft -DSTM32 -DSTM32F1 -DSTM32F103C8Tx -DDEBUG -DSTM32F10X_MD -DUSE_STDPERIPH_DRIVER -I"C:/Users/hj2dv3/STM32_workbench/CAN_v1/StdPeriph_Driver/inc" -I"C:/Users/hj2dv3/STM32_workbench/CAN_v1/inc" -I"C:/Users/hj2dv3/STM32_workbench/CAN_v1/CMSIS/device" -I"C:/Users/hj2dv3/STM32_workbench/CAN_v1/CMSIS/core" -O0 -g3 -Wall -fmessage-length=0 -ffunction-sections -c -MMD -MP -MF"src/main.d" -MT"src/main.o" -o "src/main.o" "../src/main.c"
../src/main.c: In function 'main':
../src/main.c:43:9: warning: variable 'TransmitStatus' set but not used [-Wunused-but-set-variable]
 uint8_t TransmitStatus[3] = {0,0,0};
         ^~~~~~~~~~~~~~
../src/main.c:42:10: warning: variable 'temp2' set but not used [-Wunused-but-set-variable]
 uint32_t temp2;
          ^~~~~
../src/main.c:41:9: warning: variable 'temp1' set but not used [-Wunused-but-set-variable]
 uint8_t temp1;
         ^~~~~
../src/main.c: In function 'CAN_Config':
../src/main.c:88:11: warning: variable 'ststus' set but not used [-Wunused-but-set-variable]
   uint8_t ststus = 10;
           ^~~~~~
Finished building: ../src/main.c
 
Building target: CAN_v1.elf
Invoking: MCU GCC Linker
arm-none-eabi-gcc -mcpu=cortex-m3 -mthumb -mfloat-abi=soft -T"C:/Users/hj2dv3/STM32_workbench/CAN_v1/LinkerScript.ld" -Wl,-Map=output.map -Wl,--gc-sections -o "CAN_v1.elf" @"objects.list"   -lm
Finished building target: CAN_v1.elf
 
make --no-print-directory post-build
Generating binary and Printing size information:
arm-none-eabi-objcopy -O binary "CAN_v1.elf" "CAN_v1.bin"
arm-none-eabi-size "CAN_v1.elf"
   text	   data	    bss	    dec	    hex	filename
   7252	   1104	   1188	   9544	   2548	CAN_v1.elf
 
00:29:29 **** Incremental Build of configuration Debug for project CAN_v1 ****
make -j4 all 
Building file: ../src/main.c
Invoking: MCU GCC Compiler
C:\Users\hj2dv3\STM32_workbench\CAN_v1\Debug
arm-none-eabi-gcc -mcpu=cortex-m3 -mthumb -mfloat-abi=soft -DSTM32 -DSTM32F1 -DSTM32F103C8Tx -DDEBUG -DSTM32F10X_MD -DUSE_STDPERIPH_DRIVER -I"C:/Users/hj2dv3/STM32_workbench/CAN_v1/StdPeriph_Driver/inc" -I"C:/Users/hj2dv3/STM32_workbench/CAN_v1/inc" -I"C:/Users/hj2dv3/STM32_workbench/CAN_v1/CMSIS/device" -I"C:/Users/hj2dv3/STM32_workbench/CAN_v1/CMSIS/core" -O0 -g3 -Wall -fmessage-length=0 -ffunction-sections -c -MMD -MP -MF"src/main.d" -MT"src/main.o" -o "src/main.o" "../src/main.c"
../src/main.c: In function 'main':
../src/main.c:43:9: warning: variable 'TransmitStatus' set but not used [-Wunused-but-set-variable]
 uint8_t TransmitStatus[3] = {0,0,0};
         ^~~~~~~~~~~~~~
../src/main.c:42:10: warning: variable 'temp2' set but not used [-Wunused-but-set-variable]
 uint32_t temp2;
          ^~~~~
../src/main.c:41:9: warning: variable 'temp1' set but not used [-Wunused-but-set-variable]
 uint8_t temp1;
         ^~~~~
../src/main.c: In function 'CAN_Config':
../src/main.c:88:11: warning: variable 'ststus' set but not used [-Wunused-but-set-variable]
   uint8_t ststus = 10;
           ^~~~~~
Finished building: ../src/main.c
 
Building target: CAN_v1.elf
Invoking: MCU GCC Linker
arm-none-eabi-gcc -mcpu=cortex-m3 -mthumb -mfloat-abi=soft -T"C:/Users/hj2dv3/STM32_workbench/CAN_v1/LinkerScript.ld" -Wl,-Map=output.map -Wl,--gc-sections -o "CAN_v1.elf" @"objects.list"   -lm
Finished building target: CAN_v1.elf
 
make --no-print-directory post-build
Generating binary and Printing size information:
arm-none-eabi-objcopy -O binary "CAN_v1.elf" "CAN_v1.bin"
arm-none-eabi-size "CAN_v1.elf"
   text	   data	    bss	    dec	    hex	filename
   7252	   1104	   1188	   9544	   2548	CAN_v1.elf
 
00:29:35 **** Incremental Build of configuration Debug for project CAN_v1 ****
make -j4 all 
make: Nothing to be done for 'all'.
00:32:55 **** Incremental Build of configuration Debug for project CAN_v1 ****
make -j4 all 
Building file: ../src/main.c
Invoking: MCU GCC Compiler
C:\Users\hj2dv3\STM32_workbench\CAN_v1\Debug
arm-none-eabi-gcc -mcpu=cortex-m3 -mthumb -mfloat-abi=soft -DSTM32 -DSTM32F1 -DSTM32F103C8Tx -DDEBUG -DSTM32F10X_MD -DUSE_STDPERIPH_DRIVER -I"C:/Users/hj2dv3/STM32_workbench/CAN_v1/StdPeriph_Driver/inc" -I"C:/Users/hj2dv3/STM32_workbench/CAN_v1/inc" -I"C:/Users/hj2dv3/STM32_workbench/CAN_v1/CMSIS/device" -I"C:/Users/hj2dv3/STM32_workbench/CAN_v1/CMSIS/core" -O0 -g3 -Wall -fmessage-length=0 -ffunction-sections -c -MMD -MP -MF"src/main.d" -MT"src/main.o" -o "src/main.o" "../src/main.c"
../src/main.c: In function 'main':
../src/main.c:43:9: warning: variable 'TransmitStatus' set but not used [-Wunused-but-set-variable]
 uint8_t TransmitStatus[3] = {0,0,0};
         ^~~~~~~~~~~~~~
../src/main.c:42:10: warning: variable 'temp2' set but not used [-Wunused-but-set-variable]
 uint32_t temp2;
          ^~~~~
../src/main.c:41:9: warning: variable 'temp1' set but not used [-Wunused-but-set-variable]
 uint8_t temp1;
         ^~~~~
../src/main.c: In function 'CAN_Config':
../src/main.c:88:11: warning: variable 'ststus' set but not used [-Wunused-but-set-variable]
   uint8_t ststus = 10;
           ^~~~~~
Finished building: ../src/main.c
 
Building target: CAN_v1.elf
Invoking: MCU GCC Linker
arm-none-eabi-gcc -mcpu=cortex-m3 -mthumb -mfloat-abi=soft -T"C:/Users/hj2dv3/STM32_workbench/CAN_v1/LinkerScript.ld" -Wl,-Map=output.map -Wl,--gc-sections -o "CAN_v1.elf" @"objects.list"   -lm
Finished building target: CAN_v1.elf
 
make --no-print-directory post-build
Generating binary and Printing size information:
arm-none-eabi-objcopy -O binary "CAN_v1.elf" "CAN_v1.bin"
arm-none-eabi-size "CAN_v1.elf"
   text	   data	    bss	    dec	    hex	filename
   7260	   1104	   1188	   9552	   2550	CAN_v1.elf
 
00:33:00 **** Incremental Build of configuration Debug for project CAN_v1 ****
make -j4 all 
make: Nothing to be done for 'all'.
23:12:19 **** Incremental Build of configuration Debug for project CAN_v1 ****
make -j4 all 
Building file: ../src/main.c
Invoking: MCU GCC Compiler
C:\Users\hj2dv3\STM32_workbench\CAN_v1\Debug
arm-none-eabi-gcc -mcpu=cortex-m3 -mthumb -mfloat-abi=soft -DSTM32 -DSTM32F1 -DSTM32F103C8Tx -DDEBUG -DSTM32F10X_MD -DUSE_STDPERIPH_DRIVER -I"C:/Users/hj2dv3/STM32_workbench/CAN_v1/StdPeriph_Driver/inc" -I"C:/Users/hj2dv3/STM32_workbench/CAN_v1/inc" -I"C:/Users/hj2dv3/STM32_workbench/CAN_v1/CMSIS/device" -I"C:/Users/hj2dv3/STM32_workbench/CAN_v1/CMSIS/core" -O0 -g3 -Wall -fmessage-length=0 -ffunction-sections -c -MMD -MP -MF"src/main.d" -MT"src/main.o" -o "src/main.o" "../src/main.c"
../src/main.c: In function 'main':
../src/main.c:43:9: warning: variable 'TransmitStatus' set but not used [-Wunused-but-set-variable]
 uint8_t TransmitStatus[3] = {0,0,0};
         ^~~~~~~~~~~~~~
../src/main.c:42:10: warning: variable 'temp2' set but not used [-Wunused-but-set-variable]
 uint32_t temp2;
          ^~~~~
../src/main.c:41:9: warning: variable 'temp1' set but not used [-Wunused-but-set-variable]
 uint8_t temp1;
         ^~~~~
../src/main.c: In function 'CAN_Config':
../src/main.c:88:11: warning: variable 'ststus' set but not used [-Wunused-but-set-variable]
   uint8_t ststus = 10;
           ^~~~~~
Finished building: ../src/main.c
 
Building target: CAN_v1.elf
Invoking: MCU GCC Linker
arm-none-eabi-gcc -mcpu=cortex-m3 -mthumb -mfloat-abi=soft -T"C:/Users/hj2dv3/STM32_workbench/CAN_v1/LinkerScript.ld" -Wl,-Map=output.map -Wl,--gc-sections -o "CAN_v1.elf" @"objects.list"   -lm
Finished building target: CAN_v1.elf
 
make --no-print-directory post-build
Generating binary and Printing size information:
arm-none-eabi-objcopy -O binary "CAN_v1.elf" "CAN_v1.bin"
arm-none-eabi-size "CAN_v1.elf"
   text	   data	    bss	    dec	    hex	filename
   7260	   1104	   1188	   9552	   2550	CAN_v1.elf
 
23:31:07 **** Incremental Build of configuration Debug for project CAN_v1 ****
make -j4 all 
Building file: ../src/main.c
Invoking: MCU GCC Compiler
C:\Users\hj2dv3\STM32_workbench\CAN_v1\Debug
arm-none-eabi-gcc -mcpu=cortex-m3 -mthumb -mfloat-abi=soft -DSTM32 -DSTM32F1 -DSTM32F103C8Tx -DDEBUG -DSTM32F10X_MD -DUSE_STDPERIPH_DRIVER -I"C:/Users/hj2dv3/STM32_workbench/CAN_v1/StdPeriph_Driver/inc" -I"C:/Users/hj2dv3/STM32_workbench/CAN_v1/inc" -I"C:/Users/hj2dv3/STM32_workbench/CAN_v1/CMSIS/device" -I"C:/Users/hj2dv3/STM32_workbench/CAN_v1/CMSIS/core" -O0 -g3 -Wall -fmessage-length=0 -ffunction-sections -c -MMD -MP -MF"src/main.d" -MT"src/main.o" -o "src/main.o" "../src/main.c"
../src/main.c: In function 'main':
../src/main.c:43:9: warning: variable 'TransmitStatus' set but not used [-Wunused-but-set-variable]
 uint8_t TransmitStatus[3] = {0,0,0};
         ^~~~~~~~~~~~~~
../src/main.c:42:10: warning: variable 'temp2' set but not used [-Wunused-but-set-variable]
 uint32_t temp2;
          ^~~~~
../src/main.c:41:9: warning: variable 'temp1' set but not used [-Wunused-but-set-variable]
 uint8_t temp1;
         ^~~~~
../src/main.c: In function 'CAN_Config':
../src/main.c:88:11: warning: variable 'ststus' set but not used [-Wunused-but-set-variable]
   uint8_t ststus = 10;
           ^~~~~~
Finished building: ../src/main.c
 
Building target: CAN_v1.elf
Invoking: MCU GCC Linker
arm-none-eabi-gcc -mcpu=cortex-m3 -mthumb -mfloat-abi=soft -T"C:/Users/hj2dv3/STM32_workbench/CAN_v1/LinkerScript.ld" -Wl,-Map=output.map -Wl,--gc-sections -o "CAN_v1.elf" @"objects.list"   -lm
Finished building target: CAN_v1.elf
 
make --no-print-directory post-build
Generating binary and Printing size information:
arm-none-eabi-objcopy -O binary "CAN_v1.elf" "CAN_v1.bin"
arm-none-eabi-size "CAN_v1.elf"
   text	   data	    bss	    dec	    hex	filename
   7260	   1104	   1188	   9552	   2550	CAN_v1.elf
 
23:31:47 **** Incremental Build of configuration Debug for project CAN_v1 ****
make -j4 all 
Building file: ../src/main.c
Invoking: MCU GCC Compiler
C:\Users\hj2dv3\STM32_workbench\CAN_v1\Debug
arm-none-eabi-gcc -mcpu=cortex-m3 -mthumb -mfloat-abi=soft -DSTM32 -DSTM32F1 -DSTM32F103C8Tx -DDEBUG -DSTM32F10X_MD -DUSE_STDPERIPH_DRIVER -I"C:/Users/hj2dv3/STM32_workbench/CAN_v1/StdPeriph_Driver/inc" -I"C:/Users/hj2dv3/STM32_workbench/CAN_v1/inc" -I"C:/Users/hj2dv3/STM32_workbench/CAN_v1/CMSIS/device" -I"C:/Users/hj2dv3/STM32_workbench/CAN_v1/CMSIS/core" -O0 -g3 -Wall -fmessage-length=0 -ffunction-sections -c -MMD -MP -MF"src/main.d" -MT"src/main.o" -o "src/main.o" "../src/main.c"
../src/main.c: In function 'main':
../src/main.c:43:9: warning: variable 'TransmitStatus' set but not used [-Wunused-but-set-variable]
 uint8_t TransmitStatus[3] = {0,0,0};
         ^~~~~~~~~~~~~~
../src/main.c:42:10: warning: variable 'temp2' set but not used [-Wunused-but-set-variable]
 uint32_t temp2;
          ^~~~~
../src/main.c:41:9: warning: variable 'temp1' set but not used [-Wunused-but-set-variable]
 uint8_t temp1;
         ^~~~~
../src/main.c: In function 'CAN_Config':
../src/main.c:88:11: warning: variable 'ststus' set but not used [-Wunused-but-set-variable]
   uint8_t ststus = 10;
           ^~~~~~
Finished building: ../src/main.c
 
Building target: CAN_v1.elf
Invoking: MCU GCC Linker
arm-none-eabi-gcc -mcpu=cortex-m3 -mthumb -mfloat-abi=soft -T"C:/Users/hj2dv3/STM32_workbench/CAN_v1/LinkerScript.ld" -Wl,-Map=output.map -Wl,--gc-sections -o "CAN_v1.elf" @"objects.list"   -lm
Finished building target: CAN_v1.elf
 
make --no-print-directory post-build
Generating binary and Printing size information:
arm-none-eabi-objcopy -O binary "CAN_v1.elf" "CAN_v1.bin"
arm-none-eabi-size "CAN_v1.elf"
   text	   data	    bss	    dec	    hex	filename
   7260	   1104	   1188	   9552	   2550	CAN_v1.elf
 
23:31:52 **** Incremental Build of configuration Debug for project CAN_v1 ****
make -j4 all 
make: Nothing to be done for 'all'.
23:38:00 **** Incremental Build of configuration Debug for project CAN_v1 ****
make -j4 all 
Building file: ../src/main.c
Invoking: MCU GCC Compiler
C:\Users\hj2dv3\STM32_workbench\CAN_v1\Debug
arm-none-eabi-gcc -mcpu=cortex-m3 -mthumb -mfloat-abi=soft -DSTM32 -DSTM32F1 -DSTM32F103C8Tx -DDEBUG -DSTM32F10X_MD -DUSE_STDPERIPH_DRIVER -I"C:/Users/hj2dv3/STM32_workbench/CAN_v1/StdPeriph_Driver/inc" -I"C:/Users/hj2dv3/STM32_workbench/CAN_v1/inc" -I"C:/Users/hj2dv3/STM32_workbench/CAN_v1/CMSIS/device" -I"C:/Users/hj2dv3/STM32_workbench/CAN_v1/CMSIS/core" -O0 -g3 -Wall -fmessage-length=0 -ffunction-sections -c -MMD -MP -MF"src/main.d" -MT"src/main.o" -o "src/main.o" "../src/main.c"
../src/main.c: In function 'main':
../src/main.c:43:9: warning: variable 'TransmitStatus' set but not used [-Wunused-but-set-variable]
 uint8_t TransmitStatus[3] = {0,0,0};
         ^~~~~~~~~~~~~~
../src/main.c:42:10: warning: variable 'temp2' set but not used [-Wunused-but-set-variable]
 uint32_t temp2;
          ^~~~~
../src/main.c:41:9: warning: variable 'temp1' set but not used [-Wunused-but-set-variable]
 uint8_t temp1;
         ^~~~~
../src/main.c: In function 'CAN_Config':
../src/main.c:88:11: warning: variable 'ststus' set but not used [-Wunused-but-set-variable]
   uint8_t ststus = 10;
           ^~~~~~
Finished building: ../src/main.c
 
Building target: CAN_v1.elf
Invoking: MCU GCC Linker
arm-none-eabi-gcc -mcpu=cortex-m3 -mthumb -mfloat-abi=soft -T"C:/Users/hj2dv3/STM32_workbench/CAN_v1/LinkerScript.ld" -Wl,-Map=output.map -Wl,--gc-sections -o "CAN_v1.elf" @"objects.list"   -lm
Finished building target: CAN_v1.elf
 
make --no-print-directory post-build
Generating binary and Printing size information:
arm-none-eabi-objcopy -O binary "CAN_v1.elf" "CAN_v1.bin"
arm-none-eabi-size "CAN_v1.elf"
   text	   data	    bss	    dec	    hex	filename
   7260	   1104	   1188	   9552	   2550	CAN_v1.elf
 
23:38:05 **** Incremental Build of configuration Debug for project CAN_v1 ****
make -j4 all 
make: Nothing to be done for 'all'.
23:38:39 **** Incremental Build of configuration Debug for project CAN_v1 ****
make -j4 all 
Building file: ../src/main.c
Invoking: MCU GCC Compiler
C:\Users\hj2dv3\STM32_workbench\CAN_v1\Debug
arm-none-eabi-gcc -mcpu=cortex-m3 -mthumb -mfloat-abi=soft -DSTM32 -DSTM32F1 -DSTM32F103C8Tx -DDEBUG -DSTM32F10X_MD -DUSE_STDPERIPH_DRIVER -I"C:/Users/hj2dv3/STM32_workbench/CAN_v1/StdPeriph_Driver/inc" -I"C:/Users/hj2dv3/STM32_workbench/CAN_v1/inc" -I"C:/Users/hj2dv3/STM32_workbench/CAN_v1/CMSIS/device" -I"C:/Users/hj2dv3/STM32_workbench/CAN_v1/CMSIS/core" -O0 -g3 -Wall -fmessage-length=0 -ffunction-sections -c -MMD -MP -MF"src/main.d" -MT"src/main.o" -o "src/main.o" "../src/main.c"
../src/main.c: In function 'main':
../src/main.c:43:9: warning: variable 'TransmitStatus' set but not used [-Wunused-but-set-variable]
 uint8_t TransmitStatus[3] = {0,0,0};
         ^~~~~~~~~~~~~~
../src/main.c:42:10: warning: variable 'temp2' set but not used [-Wunused-but-set-variable]
 uint32_t temp2;
          ^~~~~
../src/main.c:41:9: warning: variable 'temp1' set but not used [-Wunused-but-set-variable]
 uint8_t temp1;
         ^~~~~
../src/main.c: In function 'CAN_Config':
../src/main.c:88:11: warning: variable 'ststus' set but not used [-Wunused-but-set-variable]
   uint8_t ststus = 10;
           ^~~~~~
Finished building: ../src/main.c
 
Building target: CAN_v1.elf
Invoking: MCU GCC Linker
arm-none-eabi-gcc -mcpu=cortex-m3 -mthumb -mfloat-abi=soft -T"C:/Users/hj2dv3/STM32_workbench/CAN_v1/LinkerScript.ld" -Wl,-Map=output.map -Wl,--gc-sections -o "CAN_v1.elf" @"objects.list"   -lm
Finished building target: CAN_v1.elf
 
make --no-print-directory post-build
Generating binary and Printing size information:
arm-none-eabi-objcopy -O binary "CAN_v1.elf" "CAN_v1.bin"
arm-none-eabi-size "CAN_v1.elf"
   text	   data	    bss	    dec	    hex	filename
   7260	   1104	   1188	   9552	   2550	CAN_v1.elf
 
23:38:47 **** Incremental Build of configuration Debug for project CAN_v1 ****
make -j4 all 
make: Nothing to be done for 'all'.
23:50:30 **** Incremental Build of configuration Debug for project CAN_v1 ****
make -j4 all 
Building file: ../src/main.c
Building file: ../src/stm32f10x_it.c
Invoking: MCU GCC Compiler
Invoking: MCU GCC Compiler
C:\Users\hj2dv3\STM32_workbench\CAN_v1\Debug
arm-none-eabi-gcc -mcpu=cortex-m3 -mthumb -mfloat-abi=soft -DSTM32 -DSTM32F1 -DSTM32F103C8Tx -DDEBUG -DSTM32F10X_MD -DUSE_STDPERIPH_DRIVER -I"C:/Users/hj2dv3/STM32_workbench/CAN_v1/StdPeriph_Driver/inc" -I"C:/Users/hj2dv3/STM32_workbench/CAN_v1/inc" -I"C:/Users/hj2dv3/STM32_workbench/CAN_v1/CMSIS/device" -I"C:/Users/hj2dv3/STM32_workbench/CAN_v1/CMSIS/core" -O0 -g3 -Wall -fmessage-length=0 -ffunction-sections -c -MMD -MP -MF"src/main.d" -MT"src/main.o" -o "src/main.o" "../src/main.c"
C:\Users\hj2dv3\STM32_workbench\CAN_v1\Debug
arm-none-eabi-gcc -mcpu=cortex-m3 -mthumb -mfloat-abi=soft -DSTM32 -DSTM32F1 -DSTM32F103C8Tx -DDEBUG -DSTM32F10X_MD -DUSE_STDPERIPH_DRIVER -I"C:/Users/hj2dv3/STM32_workbench/CAN_v1/StdPeriph_Driver/inc" -I"C:/Users/hj2dv3/STM32_workbench/CAN_v1/inc" -I"C:/Users/hj2dv3/STM32_workbench/CAN_v1/CMSIS/device" -I"C:/Users/hj2dv3/STM32_workbench/CAN_v1/CMSIS/core" -O0 -g3 -Wall -fmessage-length=0 -ffunction-sections -c -MMD -MP -MF"src/stm32f10x_it.d" -MT"src/stm32f10x_it.o" -o "src/stm32f10x_it.o" "../src/stm32f10x_it.c"
../src/main.c: In function 'main':
../src/main.c:43:9: warning: variable 'TransmitStatus' set but not used [-Wunused-but-set-variable]
 uint8_t TransmitStatus[3] = {0,0,0};
         ^~~~~~~~~~~~~~
../src/main.c:42:10: warning: variable 'temp2' set but not used [-Wunused-but-set-variable]
 uint32_t temp2;
          ^~~~~
../src/main.c:41:9: warning: variable 'temp1' set but not used [-Wunused-but-set-variable]
 uint8_t temp1;
         ^~~~~
../src/main.c: In function 'CAN_Config':
../src/main.c:88:11: warning: variable 'ststus' set but not used [-Wunused-but-set-variable]
   uint8_t ststus = 10;
           ^~~~~~
Finished building: ../src/stm32f10x_it.c
Finished building: ../src/main.c
 
 
Building target: CAN_v1.elf
Invoking: MCU GCC Linker
arm-none-eabi-gcc -mcpu=cortex-m3 -mthumb -mfloat-abi=soft -T"C:/Users/hj2dv3/STM32_workbench/CAN_v1/LinkerScript.ld" -Wl,-Map=output.map -Wl,--gc-sections -o "CAN_v1.elf" @"objects.list"   -lm
Finished building target: CAN_v1.elf
 
make --no-print-directory post-build
Generating binary and Printing size information:
arm-none-eabi-objcopy -O binary "CAN_v1.elf" "CAN_v1.bin"
arm-none-eabi-size "CAN_v1.elf"
   text	   data	    bss	    dec	    hex	filename
   7260	   1104	   1196	   9560	   2558	CAN_v1.elf
 
23:52:18 **** Incremental Build of configuration Debug for project CAN_v1 ****
make -j4 all 
Building file: ../src/main.c
Building file: ../src/stm32f10x_it.c
Invoking: MCU GCC Compiler
Invoking: MCU GCC Compiler
C:\Users\hj2dv3\STM32_workbench\CAN_v1\Debug
arm-none-eabi-gcc -mcpu=cortex-m3 -mthumb -mfloat-abi=soft -DSTM32 -DSTM32F1 -DSTM32F103C8Tx -DDEBUG -DSTM32F10X_MD -DUSE_STDPERIPH_DRIVER -I"C:/Users/hj2dv3/STM32_workbench/CAN_v1/StdPeriph_Driver/inc" -I"C:/Users/hj2dv3/STM32_workbench/CAN_v1/inc" -I"C:/Users/hj2dv3/STM32_workbench/CAN_v1/CMSIS/device" -I"C:/Users/hj2dv3/STM32_workbench/CAN_v1/CMSIS/core" -O0 -g3 -Wall -fmessage-length=0 -ffunction-sections -c -MMD -MP -MF"src/main.d" -MT"src/main.o" -o "src/main.o" "../src/main.c"
C:\Users\hj2dv3\STM32_workbench\CAN_v1\Debug
arm-none-eabi-gcc -mcpu=cortex-m3 -mthumb -mfloat-abi=soft -DSTM32 -DSTM32F1 -DSTM32F103C8Tx -DDEBUG -DSTM32F10X_MD -DUSE_STDPERIPH_DRIVER -I"C:/Users/hj2dv3/STM32_workbench/CAN_v1/StdPeriph_Driver/inc" -I"C:/Users/hj2dv3/STM32_workbench/CAN_v1/inc" -I"C:/Users/hj2dv3/STM32_workbench/CAN_v1/CMSIS/device" -I"C:/Users/hj2dv3/STM32_workbench/CAN_v1/CMSIS/core" -O0 -g3 -Wall -fmessage-length=0 -ffunction-sections -c -MMD -MP -MF"src/stm32f10x_it.d" -MT"src/stm32f10x_it.o" -o "src/stm32f10x_it.o" "../src/stm32f10x_it.c"
../src/main.c: In function 'main':
../src/main.c:43:9: warning: variable 'TransmitStatus' set but not used [-Wunused-but-set-variable]
 uint8_t TransmitStatus[3] = {0,0,0};
         ^~~~~~~~~~~~~~
../src/main.c:42:10: warning: variable 'temp2' set but not used [-Wunused-but-set-variable]
 uint32_t temp2;
          ^~~~~
../src/main.c:41:9: warning: variable 'temp1' set but not used [-Wunused-but-set-variable]
 uint8_t temp1;
         ^~~~~
../src/main.c: In function 'CAN_Config':
../src/main.c:88:11: warning: variable 'ststus' set but not used [-Wunused-but-set-variable]
   uint8_t ststus = 10;
           ^~~~~~
Finished building: ../src/stm32f10x_it.c
Finished building: ../src/main.c
 
 
Building target: CAN_v1.elf
Invoking: MCU GCC Linker
arm-none-eabi-gcc -mcpu=cortex-m3 -mthumb -mfloat-abi=soft -T"C:/Users/hj2dv3/STM32_workbench/CAN_v1/LinkerScript.ld" -Wl,-Map=output.map -Wl,--gc-sections -o "CAN_v1.elf" @"objects.list"   -lm
Finished building target: CAN_v1.elf
 
make --no-print-directory post-build
Generating binary and Printing size information:
arm-none-eabi-objcopy -O binary "CAN_v1.elf" "CAN_v1.bin"
arm-none-eabi-size "CAN_v1.elf"
   text	   data	    bss	    dec	    hex	filename
   7320	   1104	   1196	   9620	   2594	CAN_v1.elf
 
23:54:27 **** Incremental Build of configuration Debug for project CAN_v1 ****
make -j4 all 
Building file: ../src/main.c
Invoking: MCU GCC Compiler
C:\Users\hj2dv3\STM32_workbench\CAN_v1\Debug
arm-none-eabi-gcc -mcpu=cortex-m3 -mthumb -mfloat-abi=soft -DSTM32 -DSTM32F1 -DSTM32F103C8Tx -DDEBUG -DSTM32F10X_MD -DUSE_STDPERIPH_DRIVER -I"C:/Users/hj2dv3/STM32_workbench/CAN_v1/StdPeriph_Driver/inc" -I"C:/Users/hj2dv3/STM32_workbench/CAN_v1/inc" -I"C:/Users/hj2dv3/STM32_workbench/CAN_v1/CMSIS/device" -I"C:/Users/hj2dv3/STM32_workbench/CAN_v1/CMSIS/core" -O0 -g3 -Wall -fmessage-length=0 -ffunction-sections -c -MMD -MP -MF"src/main.d" -MT"src/main.o" -o "src/main.o" "../src/main.c"
../src/main.c: In function 'main':
../src/main.c:75:14: error: too few arguments to function 'itoa'
    uart_puts(itoa())
              ^~~~
In file included from ../src/UART/UART.h:14:0,
                 from ../src/main.c:13:
c:\ac6\systemworkbench\plugins\fr.ac6.mcu.externaltools.arm-none.win32_1.17.0.201812190825\tools\compiler\arm-none-eabi\include\stdlib.h:224:8: note: declared here
 char * itoa (int, char *, int);
        ^~~~
../src/main.c:76:4: error: expected ';' before 'temp2'
    temp2 = CAN_GetLastErrorCode(CAN1);//CAN_ErrorCode_NoErr
    ^~~~~
../src/main.c:44:6: warning: unused variable 'result' [-Wunused-variable]
 char result[4] = { 0,0,0,0};
      ^~~~~~
../src/main.c:43:9: warning: variable 'TransmitStatus' set but not used [-Wunused-but-set-variable]
 uint8_t TransmitStatus[3] = {0,0,0};
         ^~~~~~~~~~~~~~
../src/main.c:42:10: warning: unused variable 'temp2' [-Wunused-variable]
 uint32_t temp2;
          ^~~~~
../src/main.c:41:9: warning: variable 'temp1' set but not used [-Wunused-but-set-variable]
 uint8_t temp1;
         ^~~~~
../src/main.c: In function 'CAN_Config':
../src/main.c:89:11: warning: variable 'ststus' set but not used [-Wunused-but-set-variable]
   uint8_t ststus = 10;
           ^~~~~~
src/subdir.mk:27: recipe for target 'src/main.o' failed
make: *** [src/main.o] Error 1
23:55:26 **** Incremental Build of configuration Debug for project CAN_v1 ****
make -j4 all 
Building file: ../src/main.c
Invoking: MCU GCC Compiler
C:\Users\hj2dv3\STM32_workbench\CAN_v1\Debug
arm-none-eabi-gcc -mcpu=cortex-m3 -mthumb -mfloat-abi=soft -DSTM32 -DSTM32F1 -DSTM32F103C8Tx -DDEBUG -DSTM32F10X_MD -DUSE_STDPERIPH_DRIVER -I"C:/Users/hj2dv3/STM32_workbench/CAN_v1/StdPeriph_Driver/inc" -I"C:/Users/hj2dv3/STM32_workbench/CAN_v1/inc" -I"C:/Users/hj2dv3/STM32_workbench/CAN_v1/CMSIS/device" -I"C:/Users/hj2dv3/STM32_workbench/CAN_v1/CMSIS/core" -O0 -g3 -Wall -fmessage-length=0 -ffunction-sections -c -MMD -MP -MF"src/main.d" -MT"src/main.o" -o "src/main.o" "../src/main.c"
../src/main.c: In function 'main':
../src/main.c:43:9: warning: variable 'TransmitStatus' set but not used [-Wunused-but-set-variable]
 uint8_t TransmitStatus[3] = {0,0,0};
         ^~~~~~~~~~~~~~
../src/main.c:42:10: warning: variable 'temp2' set but not used [-Wunused-but-set-variable]
 uint32_t temp2;
          ^~~~~
../src/main.c: In function 'CAN_Config':
../src/main.c:90:11: warning: variable 'ststus' set but not used [-Wunused-but-set-variable]
   uint8_t ststus = 10;
           ^~~~~~
Finished building: ../src/main.c
 
Building target: CAN_v1.elf
Invoking: MCU GCC Linker
arm-none-eabi-gcc -mcpu=cortex-m3 -mthumb -mfloat-abi=soft -T"C:/Users/hj2dv3/STM32_workbench/CAN_v1/LinkerScript.ld" -Wl,-Map=output.map -Wl,--gc-sections -o "CAN_v1.elf" @"objects.list"   -lm
Finished building target: CAN_v1.elf
 
make --no-print-directory post-build
Generating binary and Printing size information:
arm-none-eabi-objcopy -O binary "CAN_v1.elf" "CAN_v1.bin"
arm-none-eabi-size "CAN_v1.elf"
   text	   data	    bss	    dec	    hex	filename
   7612	   1104	   1196	   9912	   26b8	CAN_v1.elf
 
23:56:35 **** Incremental Build of configuration Debug for project CAN_v1 ****
make -j4 all 
Building file: ../src/main.c
Invoking: MCU GCC Compiler
C:\Users\hj2dv3\STM32_workbench\CAN_v1\Debug
arm-none-eabi-gcc -mcpu=cortex-m3 -mthumb -mfloat-abi=soft -DSTM32 -DSTM32F1 -DSTM32F103C8Tx -DDEBUG -DSTM32F10X_MD -DUSE_STDPERIPH_DRIVER -I"C:/Users/hj2dv3/STM32_workbench/CAN_v1/StdPeriph_Driver/inc" -I"C:/Users/hj2dv3/STM32_workbench/CAN_v1/inc" -I"C:/Users/hj2dv3/STM32_workbench/CAN_v1/CMSIS/device" -I"C:/Users/hj2dv3/STM32_workbench/CAN_v1/CMSIS/core" -O0 -g3 -Wall -fmessage-length=0 -ffunction-sections -c -MMD -MP -MF"src/main.d" -MT"src/main.o" -o "src/main.o" "../src/main.c"
../src/main.c: In function 'main':
../src/main.c:76:14: warning: assignment makes integer from pointer without a cast [-Wint-conversion]
    result[0] = "1";
              ^
../src/main.c:43:9: warning: unused variable 'TransmitStatus' [-Wunused-variable]
 uint8_t TransmitStatus[3] = {0,0,0};
         ^~~~~~~~~~~~~~
../src/main.c:42:10: warning: unused variable 'temp2' [-Wunused-variable]
 uint32_t temp2;
          ^~~~~
../src/main.c: In function 'CAN_Config':
../src/main.c:91:11: warning: variable 'ststus' set but not used [-Wunused-but-set-variable]
   uint8_t ststus = 10;
           ^~~~~~
Finished building: ../src/main.c
 
Building target: CAN_v1.elf
Invoking: MCU GCC Linker
arm-none-eabi-gcc -mcpu=cortex-m3 -mthumb -mfloat-abi=soft -T"C:/Users/hj2dv3/STM32_workbench/CAN_v1/LinkerScript.ld" -Wl,-Map=output.map -Wl,--gc-sections -o "CAN_v1.elf" @"objects.list"   -lm
Finished building target: CAN_v1.elf
 
make --no-print-directory post-build
Generating binary and Printing size information:
arm-none-eabi-objcopy -O binary "CAN_v1.elf" "CAN_v1.bin"
arm-none-eabi-size "CAN_v1.elf"
   text	   data	    bss	    dec	    hex	filename
   7332	   1104	   1196	   9632	   25a0	CAN_v1.elf
 
23:56:57 **** Incremental Build of configuration Debug for project CAN_v1 ****
make -j4 all 
Building file: ../src/main.c
Invoking: MCU GCC Compiler
C:\Users\hj2dv3\STM32_workbench\CAN_v1\Debug
arm-none-eabi-gcc -mcpu=cortex-m3 -mthumb -mfloat-abi=soft -DSTM32 -DSTM32F1 -DSTM32F103C8Tx -DDEBUG -DSTM32F10X_MD -DUSE_STDPERIPH_DRIVER -I"C:/Users/hj2dv3/STM32_workbench/CAN_v1/StdPeriph_Driver/inc" -I"C:/Users/hj2dv3/STM32_workbench/CAN_v1/inc" -I"C:/Users/hj2dv3/STM32_workbench/CAN_v1/CMSIS/device" -I"C:/Users/hj2dv3/STM32_workbench/CAN_v1/CMSIS/core" -O0 -g3 -Wall -fmessage-length=0 -ffunction-sections -c -MMD -MP -MF"src/main.d" -MT"src/main.o" -o "src/main.o" "../src/main.c"
../src/main.c: In function 'main':
../src/main.c:76:16: warning: cast from pointer to integer of different size [-Wpointer-to-int-cast]
    result[0] = (char)"1";
                ^
../src/main.c:43:9: warning: unused variable 'TransmitStatus' [-Wunused-variable]
 uint8_t TransmitStatus[3] = {0,0,0};
         ^~~~~~~~~~~~~~
../src/main.c:42:10: warning: unused variable 'temp2' [-Wunused-variable]
 uint32_t temp2;
          ^~~~~
../src/main.c: In function 'CAN_Config':
../src/main.c:91:11: warning: variable 'ststus' set but not used [-Wunused-but-set-variable]
   uint8_t ststus = 10;
           ^~~~~~
Finished building: ../src/main.c
 
Building target: CAN_v1.elf
Invoking: MCU GCC Linker
arm-none-eabi-gcc -mcpu=cortex-m3 -mthumb -mfloat-abi=soft -T"C:/Users/hj2dv3/STM32_workbench/CAN_v1/LinkerScript.ld" -Wl,-Map=output.map -Wl,--gc-sections -o "CAN_v1.elf" @"objects.list"   -lm
Finished building target: CAN_v1.elf
 
make --no-print-directory post-build
Generating binary and Printing size information:
arm-none-eabi-objcopy -O binary "CAN_v1.elf" "CAN_v1.bin"
arm-none-eabi-size "CAN_v1.elf"
   text	   data	    bss	    dec	    hex	filename
   7332	   1104	   1196	   9632	   25a0	CAN_v1.elf
 
00:20:48 **** Incremental Build of configuration Debug for project CAN_v1 ****
make -j4 all 
Building file: ../src/main.c
Building file: ../src/stm32f10x_it.c
Invoking: MCU GCC Compiler
Invoking: MCU GCC Compiler
C:\Users\hj2dv3\STM32_workbench\CAN_v1\Debug
arm-none-eabi-gcc -mcpu=cortex-m3 -mthumb -mfloat-abi=soft -DSTM32 -DSTM32F1 -DSTM32F103C8Tx -DDEBUG -DSTM32F10X_MD -DUSE_STDPERIPH_DRIVER -I"C:/Users/hj2dv3/STM32_workbench/CAN_v1/StdPeriph_Driver/inc" -I"C:/Users/hj2dv3/STM32_workbench/CAN_v1/inc" -I"C:/Users/hj2dv3/STM32_workbench/CAN_v1/CMSIS/device" -I"C:/Users/hj2dv3/STM32_workbench/CAN_v1/CMSIS/core" -O0 -g3 -Wall -fmessage-length=0 -ffunction-sections -c -MMD -MP -MF"src/main.d" -MT"src/main.o" -o "src/main.o" "../src/main.c"
C:\Users\hj2dv3\STM32_workbench\CAN_v1\Debug
arm-none-eabi-gcc -mcpu=cortex-m3 -mthumb -mfloat-abi=soft -DSTM32 -DSTM32F1 -DSTM32F103C8Tx -DDEBUG -DSTM32F10X_MD -DUSE_STDPERIPH_DRIVER -I"C:/Users/hj2dv3/STM32_workbench/CAN_v1/StdPeriph_Driver/inc" -I"C:/Users/hj2dv3/STM32_workbench/CAN_v1/inc" -I"C:/Users/hj2dv3/STM32_workbench/CAN_v1/CMSIS/device" -I"C:/Users/hj2dv3/STM32_workbench/CAN_v1/CMSIS/core" -O0 -g3 -Wall -fmessage-length=0 -ffunction-sections -c -MMD -MP -MF"src/stm32f10x_it.d" -MT"src/stm32f10x_it.o" -o "src/stm32f10x_it.o" "../src/stm32f10x_it.c"
../src/main.c: In function 'main':
../src/main.c:78:16: warning: cast from pointer to integer of different size [-Wpointer-to-int-cast]
    result[0] = (char)"1";
                ^
../src/main.c:100:31: error: subscripted value is neither array nor pointer nor vector
    itoa(temp1, RxMessage_FIFO1[0], 10);
                               ^
../src/main.c:43:9: warning: unused variable 'TransmitStatus' [-Wunused-variable]
 uint8_t TransmitStatus[3] = {0,0,0};
         ^~~~~~~~~~~~~~
../src/main.c:42:10: warning: unused variable 'temp2' [-Wunused-variable]
 uint32_t temp2;
          ^~~~~
../src/main.c: In function 'CAN_Config':
../src/main.c:112:11: warning: variable 'ststus' set but not used [-Wunused-but-set-variable]
   uint8_t ststus = 10;
           ^~~~~~
src/subdir.mk:27: recipe for target 'src/main.o' failed
make: *** [src/main.o] Error 1
make: *** Waiting for unfinished jobs....
Finished building: ../src/stm32f10x_it.c
 
00:21:05 **** Incremental Build of configuration Debug for project CAN_v1 ****
make -j4 all 
Building file: ../src/main.c
Invoking: MCU GCC Compiler
C:\Users\hj2dv3\STM32_workbench\CAN_v1\Debug
arm-none-eabi-gcc -mcpu=cortex-m3 -mthumb -mfloat-abi=soft -DSTM32 -DSTM32F1 -DSTM32F103C8Tx -DDEBUG -DSTM32F10X_MD -DUSE_STDPERIPH_DRIVER -I"C:/Users/hj2dv3/STM32_workbench/CAN_v1/StdPeriph_Driver/inc" -I"C:/Users/hj2dv3/STM32_workbench/CAN_v1/inc" -I"C:/Users/hj2dv3/STM32_workbench/CAN_v1/CMSIS/device" -I"C:/Users/hj2dv3/STM32_workbench/CAN_v1/CMSIS/core" -O0 -g3 -Wall -fmessage-length=0 -ffunction-sections -c -MMD -MP -MF"src/main.d" -MT"src/main.o" -o "src/main.o" "../src/main.c"
../src/main.c: In function 'main':
../src/main.c:78:16: warning: cast from pointer to integer of different size [-Wpointer-to-int-cast]
    result[0] = (char)"1";
                ^
../src/main.c:100:24: error: subscripted value is neither array nor pointer nor vector
    itoa(RxMessage_FIFO1[0], Ana_Out, 10);
                        ^
../src/main.c:43:9: warning: unused variable 'TransmitStatus' [-Wunused-variable]
 uint8_t TransmitStatus[3] = {0,0,0};
         ^~~~~~~~~~~~~~
../src/main.c:42:10: warning: unused variable 'temp2' [-Wunused-variable]
 uint32_t temp2;
          ^~~~~
../src/main.c: In function 'CAN_Config':
../src/main.c:112:11: warning: variable 'ststus' set but not used [-Wunused-but-set-variable]
   uint8_t ststus = 10;
           ^~~~~~
make: *** [src/main.o] Error 1
src/subdir.mk:27: recipe for target 'src/main.o' failed
00:21:37 **** Incremental Build of configuration Debug for project CAN_v1 ****
make -j4 all 
Building file: ../src/main.c
Invoking: MCU GCC Compiler
C:\Users\hj2dv3\STM32_workbench\CAN_v1\Debug
arm-none-eabi-gcc -mcpu=cortex-m3 -mthumb -mfloat-abi=soft -DSTM32 -DSTM32F1 -DSTM32F103C8Tx -DDEBUG -DSTM32F10X_MD -DUSE_STDPERIPH_DRIVER -I"C:/Users/hj2dv3/STM32_workbench/CAN_v1/StdPeriph_Driver/inc" -I"C:/Users/hj2dv3/STM32_workbench/CAN_v1/inc" -I"C:/Users/hj2dv3/STM32_workbench/CAN_v1/CMSIS/device" -I"C:/Users/hj2dv3/STM32_workbench/CAN_v1/CMSIS/core" -O0 -g3 -Wall -fmessage-length=0 -ffunction-sections -c -MMD -MP -MF"src/main.d" -MT"src/main.o" -o "src/main.o" "../src/main.c"
../src/main.c: In function 'main':
../src/main.c:78:16: warning: cast from pointer to integer of different size [-Wpointer-to-int-cast]
    result[0] = (char)"1";
                ^
../src/main.c:43:9: warning: unused variable 'TransmitStatus' [-Wunused-variable]
 uint8_t TransmitStatus[3] = {0,0,0};
         ^~~~~~~~~~~~~~
../src/main.c:42:10: warning: unused variable 'temp2' [-Wunused-variable]
 uint32_t temp2;
          ^~~~~
../src/main.c: In function 'CAN_Config':
../src/main.c:112:11: warning: variable 'ststus' set but not used [-Wunused-but-set-variable]
   uint8_t ststus = 10;
           ^~~~~~
Finished building: ../src/main.c
 
Building target: CAN_v1.elf
Invoking: MCU GCC Linker
arm-none-eabi-gcc -mcpu=cortex-m3 -mthumb -mfloat-abi=soft -T"C:/Users/hj2dv3/STM32_workbench/CAN_v1/LinkerScript.ld" -Wl,-Map=output.map -Wl,--gc-sections -o "CAN_v1.elf" @"objects.list"   -lm
Finished building target: CAN_v1.elf
 
make --no-print-directory post-build
Generating binary and Printing size information:
arm-none-eabi-objcopy -O binary "CAN_v1.elf" "CAN_v1.bin"
arm-none-eabi-size "CAN_v1.elf"
   text	   data	    bss	    dec	    hex	filename
   7500	   1104	   1236	   9840	   2670	CAN_v1.elf
 
00:24:01 **** Incremental Build of configuration Debug for project CAN_v1 ****
make -j4 all 
Building file: ../src/main.c
Building file: ../src/stm32f10x_it.c
Invoking: MCU GCC Compiler
Invoking: MCU GCC Compiler
C:\Users\hj2dv3\STM32_workbench\CAN_v1\Debug
arm-none-eabi-gcc -mcpu=cortex-m3 -mthumb -mfloat-abi=soft -DSTM32 -DSTM32F1 -DSTM32F103C8Tx -DDEBUG -DSTM32F10X_MD -DUSE_STDPERIPH_DRIVER -I"C:/Users/hj2dv3/STM32_workbench/CAN_v1/StdPeriph_Driver/inc" -I"C:/Users/hj2dv3/STM32_workbench/CAN_v1/inc" -I"C:/Users/hj2dv3/STM32_workbench/CAN_v1/CMSIS/device" -I"C:/Users/hj2dv3/STM32_workbench/CAN_v1/CMSIS/core" -O0 -g3 -Wall -fmessage-length=0 -ffunction-sections -c -MMD -MP -MF"src/main.d" -MT"src/main.o" -o "src/main.o" "../src/main.c"
C:\Users\hj2dv3\STM32_workbench\CAN_v1\Debug
arm-none-eabi-gcc -mcpu=cortex-m3 -mthumb -mfloat-abi=soft -DSTM32 -DSTM32F1 -DSTM32F103C8Tx -DDEBUG -DSTM32F10X_MD -DUSE_STDPERIPH_DRIVER -I"C:/Users/hj2dv3/STM32_workbench/CAN_v1/StdPeriph_Driver/inc" -I"C:/Users/hj2dv3/STM32_workbench/CAN_v1/inc" -I"C:/Users/hj2dv3/STM32_workbench/CAN_v1/CMSIS/device" -I"C:/Users/hj2dv3/STM32_workbench/CAN_v1/CMSIS/core" -O0 -g3 -Wall -fmessage-length=0 -ffunction-sections -c -MMD -MP -MF"src/stm32f10x_it.d" -MT"src/stm32f10x_it.o" -o "src/stm32f10x_it.o" "../src/stm32f10x_it.c"
../src/main.c: In function 'main':
../src/main.c:78:16: warning: cast from pointer to integer of different size [-Wpointer-to-int-cast]
    result[0] = (char)"1";
                ^
../src/main.c:43:9: warning: unused variable 'TransmitStatus' [-Wunused-variable]
 uint8_t TransmitStatus[3] = {0,0,0};
         ^~~~~~~~~~~~~~
../src/main.c:42:10: warning: unused variable 'temp2' [-Wunused-variable]
 uint32_t temp2;
          ^~~~~
../src/main.c: In function 'CAN_Config':
../src/main.c:121:11: warning: variable 'ststus' set but not used [-Wunused-but-set-variable]
   uint8_t ststus = 10;
           ^~~~~~
Finished building: ../src/stm32f10x_it.c
Finished building: ../src/main.c
 
 
Building target: CAN_v1.elf
Invoking: MCU GCC Linker
arm-none-eabi-gcc -mcpu=cortex-m3 -mthumb -mfloat-abi=soft -T"C:/Users/hj2dv3/STM32_workbench/CAN_v1/LinkerScript.ld" -Wl,-Map=output.map -Wl,--gc-sections -o "CAN_v1.elf" @"objects.list"   -lm
Finished building target: CAN_v1.elf
 
make --no-print-directory post-build
Generating binary and Printing size information:
arm-none-eabi-objcopy -O binary "CAN_v1.elf" "CAN_v1.bin"
arm-none-eabi-size "CAN_v1.elf"
   text	   data	    bss	    dec	    hex	filename
   7600	   1104	   1236	   9940	   26d4	CAN_v1.elf
 
00:28:05 **** Incremental Build of configuration Debug for project CAN_v1 ****
make -j4 all 
Building file: ../src/main.c
Invoking: MCU GCC Compiler
C:\Users\hj2dv3\STM32_workbench\CAN_v1\Debug
arm-none-eabi-gcc -mcpu=cortex-m3 -mthumb -mfloat-abi=soft -DSTM32 -DSTM32F1 -DSTM32F103C8Tx -DDEBUG -DSTM32F10X_MD -DUSE_STDPERIPH_DRIVER -I"C:/Users/hj2dv3/STM32_workbench/CAN_v1/StdPeriph_Driver/inc" -I"C:/Users/hj2dv3/STM32_workbench/CAN_v1/inc" -I"C:/Users/hj2dv3/STM32_workbench/CAN_v1/CMSIS/device" -I"C:/Users/hj2dv3/STM32_workbench/CAN_v1/CMSIS/core" -O0 -g3 -Wall -fmessage-length=0 -ffunction-sections -c -MMD -MP -MF"src/main.d" -MT"src/main.o" -o "src/main.o" "../src/main.c"
../src/main.c: In function 'main':
../src/main.c:78:16: warning: cast from pointer to integer of different size [-Wpointer-to-int-cast]
    result[0] = (char)"1";
                ^
../src/main.c:43:9: warning: unused variable 'TransmitStatus' [-Wunused-variable]
 uint8_t TransmitStatus[3] = {0,0,0};
         ^~~~~~~~~~~~~~
../src/main.c:42:10: warning: unused variable 'temp2' [-Wunused-variable]
 uint32_t temp2;
          ^~~~~
../src/main.c: In function 'CAN_Config':
../src/main.c:121:11: warning: variable 'ststus' set but not used [-Wunused-but-set-variable]
   uint8_t ststus = 10;
           ^~~~~~
Finished building: ../src/main.c
 
Building target: CAN_v1.elf
Invoking: MCU GCC Linker
arm-none-eabi-gcc -mcpu=cortex-m3 -mthumb -mfloat-abi=soft -T"C:/Users/hj2dv3/STM32_workbench/CAN_v1/LinkerScript.ld" -Wl,-Map=output.map -Wl,--gc-sections -o "CAN_v1.elf" @"objects.list"   -lm
Finished building target: CAN_v1.elf
 
make --no-print-directory post-build
Generating binary and Printing size information:
arm-none-eabi-objcopy -O binary "CAN_v1.elf" "CAN_v1.bin"
arm-none-eabi-size "CAN_v1.elf"
   text	   data	    bss	    dec	    hex	filename
   7600	   1104	   1236	   9940	   26d4	CAN_v1.elf
 
00:28:18 **** Incremental Build of configuration Debug for project CAN_v1 ****
make -j4 all 
make: Nothing to be done for 'all'.
00:36:55 **** Incremental Build of configuration Debug for project CAN_v1 ****
make -j4 all 
Building file: ../src/stm32f10x_it.c
Invoking: MCU GCC Compiler
C:\Users\hj2dv3\STM32_workbench\CAN_v1\Debug
arm-none-eabi-gcc -mcpu=cortex-m3 -mthumb -mfloat-abi=soft -DSTM32 -DSTM32F1 -DSTM32F103C8Tx -DDEBUG -DSTM32F10X_MD -DUSE_STDPERIPH_DRIVER -I"C:/Users/hj2dv3/STM32_workbench/CAN_v1/StdPeriph_Driver/inc" -I"C:/Users/hj2dv3/STM32_workbench/CAN_v1/inc" -I"C:/Users/hj2dv3/STM32_workbench/CAN_v1/CMSIS/device" -I"C:/Users/hj2dv3/STM32_workbench/CAN_v1/CMSIS/core" -O0 -g3 -Wall -fmessage-length=0 -ffunction-sections -c -MMD -MP -MF"src/stm32f10x_it.d" -MT"src/stm32f10x_it.o" -o "src/stm32f10x_it.o" "../src/stm32f10x_it.c"
Finished building: ../src/stm32f10x_it.c
 
Building target: CAN_v1.elf
Invoking: MCU GCC Linker
arm-none-eabi-gcc -mcpu=cortex-m3 -mthumb -mfloat-abi=soft -T"C:/Users/hj2dv3/STM32_workbench/CAN_v1/LinkerScript.ld" -Wl,-Map=output.map -Wl,--gc-sections -o "CAN_v1.elf" @"objects.list"   -lm
Finished building target: CAN_v1.elf
 
make --no-print-directory post-build
Generating binary and Printing size information:
arm-none-eabi-objcopy -O binary "CAN_v1.elf" "CAN_v1.bin"
arm-none-eabi-size "CAN_v1.elf"
   text	   data	    bss	    dec	    hex	filename
   7600	   1104	   1236	   9940	   26d4	CAN_v1.elf
 
00:38:51 **** Incremental Build of configuration Debug for project CAN_v1 ****
make -j4 all 
Building file: ../src/main.c
Invoking: MCU GCC Compiler
C:\Users\hj2dv3\STM32_workbench\CAN_v1\Debug
arm-none-eabi-gcc -mcpu=cortex-m3 -mthumb -mfloat-abi=soft -DSTM32 -DSTM32F1 -DSTM32F103C8Tx -DDEBUG -DSTM32F10X_MD -DUSE_STDPERIPH_DRIVER -I"C:/Users/hj2dv3/STM32_workbench/CAN_v1/StdPeriph_Driver/inc" -I"C:/Users/hj2dv3/STM32_workbench/CAN_v1/inc" -I"C:/Users/hj2dv3/STM32_workbench/CAN_v1/CMSIS/device" -I"C:/Users/hj2dv3/STM32_workbench/CAN_v1/CMSIS/core" -O0 -g3 -Wall -fmessage-length=0 -ffunction-sections -c -MMD -MP -MF"src/main.d" -MT"src/main.o" -o "src/main.o" "../src/main.c"
../src/main.c: In function 'main':
../src/main.c:78:16: warning: cast from pointer to integer of different size [-Wpointer-to-int-cast]
    result[0] = (char)"1";
                ^
../src/main.c:43:9: warning: unused variable 'TransmitStatus' [-Wunused-variable]
 uint8_t TransmitStatus[3] = {0,0,0};
         ^~~~~~~~~~~~~~
../src/main.c:42:10: warning: unused variable 'temp2' [-Wunused-variable]
 uint32_t temp2;
          ^~~~~
../src/main.c: In function 'CAN_Config':
../src/main.c:121:11: warning: variable 'ststus' set but not used [-Wunused-but-set-variable]
   uint8_t ststus = 10;
           ^~~~~~
Finished building: ../src/main.c
 
Building target: CAN_v1.elf
Invoking: MCU GCC Linker
arm-none-eabi-gcc -mcpu=cortex-m3 -mthumb -mfloat-abi=soft -T"C:/Users/hj2dv3/STM32_workbench/CAN_v1/LinkerScript.ld" -Wl,-Map=output.map -Wl,--gc-sections -o "CAN_v1.elf" @"objects.list"   -lm
Finished building target: CAN_v1.elf
 
make --no-print-directory post-build
Generating binary and Printing size information:
arm-none-eabi-objcopy -O binary "CAN_v1.elf" "CAN_v1.bin"
arm-none-eabi-size "CAN_v1.elf"
   text	   data	    bss	    dec	    hex	filename
   7628	   1104	   1236	   9968	   26f0	CAN_v1.elf
 
00:39:24 **** Incremental Build of configuration Debug for project CAN_v1 ****
make -j4 all 
make: Nothing to be done for 'all'.
00:44:12 **** Incremental Build of configuration Debug for project CAN_v1 ****
make -j4 all 
Building file: ../src/UART/UART.c
Building file: ../src/main.c
Invoking: MCU GCC Compiler
Invoking: MCU GCC Compiler
Building file: ../src/stm32f10x_it.c
C:\Users\hj2dv3\STM32_workbench\CAN_v1\Debug
arm-none-eabi-gcc -mcpu=cortex-m3 -mthumb -mfloat-abi=soft -DSTM32 -DSTM32F1 -DSTM32F103C8Tx -DDEBUG -DSTM32F10X_MD -DUSE_STDPERIPH_DRIVER -I"C:/Users/hj2dv3/STM32_workbench/CAN_v1/StdPeriph_Driver/inc" -I"C:/Users/hj2dv3/STM32_workbench/CAN_v1/inc" -I"C:/Users/hj2dv3/STM32_workbench/CAN_v1/CMSIS/device" -I"C:/Users/hj2dv3/STM32_workbench/CAN_v1/CMSIS/core" -I"C:/Users/hj2dv3/STM32_workbench/CAN_v1/src/UART" -O0 -g3 -Wall -fmessage-length=0 -ffunction-sections -c -MMD -MP -MF"src/UART/UART.d" -MT"src/UART/UART.o" -o "src/UART/UART.o" "../src/UART/UART.c"
Invoking: MCU GCC Compiler
C:\Users\hj2dv3\STM32_workbench\CAN_v1\Debug
arm-none-eabi-gcc -mcpu=cortex-m3 -mthumb -mfloat-abi=soft -DSTM32 -DSTM32F1 -DSTM32F103C8Tx -DDEBUG -DSTM32F10X_MD -DUSE_STDPERIPH_DRIVER -I"C:/Users/hj2dv3/STM32_workbench/CAN_v1/StdPeriph_Driver/inc" -I"C:/Users/hj2dv3/STM32_workbench/CAN_v1/inc" -I"C:/Users/hj2dv3/STM32_workbench/CAN_v1/CMSIS/device" -I"C:/Users/hj2dv3/STM32_workbench/CAN_v1/CMSIS/core" -I"C:/Users/hj2dv3/STM32_workbench/CAN_v1/src/UART" -O0 -g3 -Wall -fmessage-length=0 -ffunction-sections -c -MMD -MP -MF"src/main.d" -MT"src/main.o" -o "src/main.o" "../src/main.c"
C:\Users\hj2dv3\STM32_workbench\CAN_v1\Debug
arm-none-eabi-gcc -mcpu=cortex-m3 -mthumb -mfloat-abi=soft -DSTM32 -DSTM32F1 -DSTM32F103C8Tx -DDEBUG -DSTM32F10X_MD -DUSE_STDPERIPH_DRIVER -I"C:/Users/hj2dv3/STM32_workbench/CAN_v1/StdPeriph_Driver/inc" -I"C:/Users/hj2dv3/STM32_workbench/CAN_v1/inc" -I"C:/Users/hj2dv3/STM32_workbench/CAN_v1/CMSIS/device" -I"C:/Users/hj2dv3/STM32_workbench/CAN_v1/CMSIS/core" -I"C:/Users/hj2dv3/STM32_workbench/CAN_v1/src/UART" -O0 -g3 -Wall -fmessage-length=0 -ffunction-sections -c -MMD -MP -MF"src/stm32f10x_it.d" -MT"src/stm32f10x_it.o" -o "src/stm32f10x_it.o" "../src/stm32f10x_it.c"
Building file: ../src/syscalls.c
Invoking: MCU GCC Compiler
C:\Users\hj2dv3\STM32_workbench\CAN_v1\Debug
arm-none-eabi-gcc -mcpu=cortex-m3 -mthumb -mfloat-abi=soft -DSTM32 -DSTM32F1 -DSTM32F103C8Tx -DDEBUG -DSTM32F10X_MD -DUSE_STDPERIPH_DRIVER -I"C:/Users/hj2dv3/STM32_workbench/CAN_v1/StdPeriph_Driver/inc" -I"C:/Users/hj2dv3/STM32_workbench/CAN_v1/inc" -I"C:/Users/hj2dv3/STM32_workbench/CAN_v1/CMSIS/device" -I"C:/Users/hj2dv3/STM32_workbench/CAN_v1/CMSIS/core" -I"C:/Users/hj2dv3/STM32_workbench/CAN_v1/src/UART" -O0 -g3 -Wall -fmessage-length=0 -ffunction-sections -c -MMD -MP -MF"src/syscalls.d" -MT"src/syscalls.o" -o "src/syscalls.o" "../src/syscalls.c"
../src/main.c: In function 'main':
../src/main.c:79:16: warning: cast from pointer to integer of different size [-Wpointer-to-int-cast]
    result[0] = (char)"1";
                ^
../src/main.c:43:9: warning: unused variable 'TransmitStatus' [-Wunused-variable]
 uint8_t TransmitStatus[3] = {0,0,0};
         ^~~~~~~~~~~~~~
../src/main.c:42:10: warning: unused variable 'temp2' [-Wunused-variable]
 uint32_t temp2;
          ^~~~~
../src/main.c: In function 'CAN_Config':
../src/main.c:122:11: warning: variable 'ststus' set but not used [-Wunused-but-set-variable]
   uint8_t ststus = 10;
           ^~~~~~
Finished building: ../src/main.c
Finished building: ../src/UART/UART.c
 
 
Building file: ../src/system_stm32f10x.c
Building file: ../StdPeriph_Driver/src/misc.c
Invoking: MCU GCC Compiler
Finished building: ../src/stm32f10x_it.c
Invoking: MCU GCC Compiler
Finished building: ../src/syscalls.c
C:\Users\hj2dv3\STM32_workbench\CAN_v1\Debug
 
C:\Users\hj2dv3\STM32_workbench\CAN_v1\Debug
arm-none-eabi-gcc -mcpu=cortex-m3 -mthumb -mfloat-abi=soft -DSTM32 -DSTM32F1 -DSTM32F103C8Tx -DDEBUG -DSTM32F10X_MD -DUSE_STDPERIPH_DRIVER -I"C:/Users/hj2dv3/STM32_workbench/CAN_v1/StdPeriph_Driver/inc" -I"C:/Users/hj2dv3/STM32_workbench/CAN_v1/inc" -I"C:/Users/hj2dv3/STM32_workbench/CAN_v1/CMSIS/device" -I"C:/Users/hj2dv3/STM32_workbench/CAN_v1/CMSIS/core" -I"C:/Users/hj2dv3/STM32_workbench/CAN_v1/src/UART" -O0 -g3 -Wall -fmessage-length=0 -ffunction-sections -c -MMD -MP -MF"src/system_stm32f10x.d" -MT"src/system_stm32f10x.o" -o "src/system_stm32f10x.o" "../src/system_stm32f10x.c"
 
arm-none-eabi-gcc -mcpu=cortex-m3 -mthumb -mfloat-abi=soft -DSTM32 -DSTM32F1 -DSTM32F103C8Tx -DDEBUG -DSTM32F10X_MD -DUSE_STDPERIPH_DRIVER -I"C:/Users/hj2dv3/STM32_workbench/CAN_v1/StdPeriph_Driver/inc" -I"C:/Users/hj2dv3/STM32_workbench/CAN_v1/inc" -I"C:/Users/hj2dv3/STM32_workbench/CAN_v1/CMSIS/device" -I"C:/Users/hj2dv3/STM32_workbench/CAN_v1/CMSIS/core" -I"C:/Users/hj2dv3/STM32_workbench/CAN_v1/src/UART" -O0 -g3 -Wall -fmessage-length=0 -ffunction-sections -c -MMD -MP -MF"StdPeriph_Driver/src/misc.d" -MT"StdPeriph_Driver/src/misc.o" -o "StdPeriph_Driver/src/misc.o" "../StdPeriph_Driver/src/misc.c"
Building file: ../StdPeriph_Driver/src/stm32f10x_adc.c
Invoking: MCU GCC Compiler
Building file: ../StdPeriph_Driver/src/stm32f10x_bkp.c
C:\Users\hj2dv3\STM32_workbench\CAN_v1\Debug
arm-none-eabi-gcc -mcpu=cortex-m3 -mthumb -mfloat-abi=soft -DSTM32 -DSTM32F1 -DSTM32F103C8Tx -DDEBUG -DSTM32F10X_MD -DUSE_STDPERIPH_DRIVER -I"C:/Users/hj2dv3/STM32_workbench/CAN_v1/StdPeriph_Driver/inc" -I"C:/Users/hj2dv3/STM32_workbench/CAN_v1/inc" -I"C:/Users/hj2dv3/STM32_workbench/CAN_v1/CMSIS/device" -I"C:/Users/hj2dv3/STM32_workbench/CAN_v1/CMSIS/core" -I"C:/Users/hj2dv3/STM32_workbench/CAN_v1/src/UART" -O0 -g3 -Wall -fmessage-length=0 -ffunction-sections -c -MMD -MP -MF"StdPeriph_Driver/src/stm32f10x_adc.d" -MT"StdPeriph_Driver/src/stm32f10x_adc.o" -o "StdPeriph_Driver/src/stm32f10x_adc.o" "../StdPeriph_Driver/src/stm32f10x_adc.c"
Invoking: MCU GCC Compiler
C:\Users\hj2dv3\STM32_workbench\CAN_v1\Debug
arm-none-eabi-gcc -mcpu=cortex-m3 -mthumb -mfloat-abi=soft -DSTM32 -DSTM32F1 -DSTM32F103C8Tx -DDEBUG -DSTM32F10X_MD -DUSE_STDPERIPH_DRIVER -I"C:/Users/hj2dv3/STM32_workbench/CAN_v1/StdPeriph_Driver/inc" -I"C:/Users/hj2dv3/STM32_workbench/CAN_v1/inc" -I"C:/Users/hj2dv3/STM32_workbench/CAN_v1/CMSIS/device" -I"C:/Users/hj2dv3/STM32_workbench/CAN_v1/CMSIS/core" -I"C:/Users/hj2dv3/STM32_workbench/CAN_v1/src/UART" -O0 -g3 -Wall -fmessage-length=0 -ffunction-sections -c -MMD -MP -MF"StdPeriph_Driver/src/stm32f10x_bkp.d" -MT"StdPeriph_Driver/src/stm32f10x_bkp.o" -o "StdPeriph_Driver/src/stm32f10x_bkp.o" "../StdPeriph_Driver/src/stm32f10x_bkp.c"
Finished building: ../src/system_stm32f10x.c
 
Finished building: ../StdPeriph_Driver/src/misc.c
Building file: ../StdPeriph_Driver/src/stm32f10x_can.c
 
Invoking: MCU GCC Compiler
Building file: ../StdPeriph_Driver/src/stm32f10x_cec.c
C:\Users\hj2dv3\STM32_workbench\CAN_v1\Debug
Invoking: MCU GCC Compiler
arm-none-eabi-gcc -mcpu=cortex-m3 -mthumb -mfloat-abi=soft -DSTM32 -DSTM32F1 -DSTM32F103C8Tx -DDEBUG -DSTM32F10X_MD -DUSE_STDPERIPH_DRIVER -I"C:/Users/hj2dv3/STM32_workbench/CAN_v1/StdPeriph_Driver/inc" -I"C:/Users/hj2dv3/STM32_workbench/CAN_v1/inc" -I"C:/Users/hj2dv3/STM32_workbench/CAN_v1/CMSIS/device" -I"C:/Users/hj2dv3/STM32_workbench/CAN_v1/CMSIS/core" -I"C:/Users/hj2dv3/STM32_workbench/CAN_v1/src/UART" -O0 -g3 -Wall -fmessage-length=0 -ffunction-sections -c -MMD -MP -MF"StdPeriph_Driver/src/stm32f10x_can.d" -MT"StdPeriph_Driver/src/stm32f10x_can.o" -o "StdPeriph_Driver/src/stm32f10x_can.o" "../StdPeriph_Driver/src/stm32f10x_can.c"
Finished building: ../StdPeriph_Driver/src/stm32f10x_adc.c
Finished building: ../StdPeriph_Driver/src/stm32f10x_bkp.c
C:\Users\hj2dv3\STM32_workbench\CAN_v1\Debug
 
arm-none-eabi-gcc -mcpu=cortex-m3 -mthumb -mfloat-abi=soft -DSTM32 -DSTM32F1 -DSTM32F103C8Tx -DDEBUG -DSTM32F10X_MD -DUSE_STDPERIPH_DRIVER -I"C:/Users/hj2dv3/STM32_workbench/CAN_v1/StdPeriph_Driver/inc" -I"C:/Users/hj2dv3/STM32_workbench/CAN_v1/inc" -I"C:/Users/hj2dv3/STM32_workbench/CAN_v1/CMSIS/device" -I"C:/Users/hj2dv3/STM32_workbench/CAN_v1/CMSIS/core" -I"C:/Users/hj2dv3/STM32_workbench/CAN_v1/src/UART" -O0 -g3 -Wall -fmessage-length=0 -ffunction-sections -c -MMD -MP -MF"StdPeriph_Driver/src/stm32f10x_cec.d" -MT"StdPeriph_Driver/src/stm32f10x_cec.o" -o "StdPeriph_Driver/src/stm32f10x_cec.o" "../StdPeriph_Driver/src/stm32f10x_cec.c"
 
Building file: ../StdPeriph_Driver/src/stm32f10x_crc.c
Building file: ../StdPeriph_Driver/src/stm32f10x_dac.c
Invoking: MCU GCC Compiler
Invoking: MCU GCC Compiler
C:\Users\hj2dv3\STM32_workbench\CAN_v1\Debug
arm-none-eabi-gcc -mcpu=cortex-m3 -mthumb -mfloat-abi=soft -DSTM32 -DSTM32F1 -DSTM32F103C8Tx -DDEBUG -DSTM32F10X_MD -DUSE_STDPERIPH_DRIVER -I"C:/Users/hj2dv3/STM32_workbench/CAN_v1/StdPeriph_Driver/inc" -I"C:/Users/hj2dv3/STM32_workbench/CAN_v1/inc" -I"C:/Users/hj2dv3/STM32_workbench/CAN_v1/CMSIS/device" -I"C:/Users/hj2dv3/STM32_workbench/CAN_v1/CMSIS/core" -I"C:/Users/hj2dv3/STM32_workbench/CAN_v1/src/UART" -O0 -g3 -Wall -fmessage-length=0 -ffunction-sections -c -MMD -MP -MF"StdPeriph_Driver/src/stm32f10x_dac.d" -MT"StdPeriph_Driver/src/stm32f10x_dac.o" -o "StdPeriph_Driver/src/stm32f10x_dac.o" "../StdPeriph_Driver/src/stm32f10x_dac.c"
C:\Users\hj2dv3\STM32_workbench\CAN_v1\Debug
arm-none-eabi-gcc -mcpu=cortex-m3 -mthumb -mfloat-abi=soft -DSTM32 -DSTM32F1 -DSTM32F103C8Tx -DDEBUG -DSTM32F10X_MD -DUSE_STDPERIPH_DRIVER -I"C:/Users/hj2dv3/STM32_workbench/CAN_v1/StdPeriph_Driver/inc" -I"C:/Users/hj2dv3/STM32_workbench/CAN_v1/inc" -I"C:/Users/hj2dv3/STM32_workbench/CAN_v1/CMSIS/device" -I"C:/Users/hj2dv3/STM32_workbench/CAN_v1/CMSIS/core" -I"C:/Users/hj2dv3/STM32_workbench/CAN_v1/src/UART" -O0 -g3 -Wall -fmessage-length=0 -ffunction-sections -c -MMD -MP -MF"StdPeriph_Driver/src/stm32f10x_crc.d" -MT"StdPeriph_Driver/src/stm32f10x_crc.o" -o "StdPeriph_Driver/src/stm32f10x_crc.o" "../StdPeriph_Driver/src/stm32f10x_crc.c"
Finished building: ../StdPeriph_Driver/src/stm32f10x_can.c
 
Finished building: ../StdPeriph_Driver/src/stm32f10x_cec.c
Building file: ../StdPeriph_Driver/src/stm32f10x_dbgmcu.c
 
Invoking: MCU GCC Compiler
Building file: ../StdPeriph_Driver/src/stm32f10x_dma.c
C:\Users\hj2dv3\STM32_workbench\CAN_v1\Debug
Invoking: MCU GCC Compiler
arm-none-eabi-gcc -mcpu=cortex-m3 -mthumb -mfloat-abi=soft -DSTM32 -DSTM32F1 -DSTM32F103C8Tx -DDEBUG -DSTM32F10X_MD -DUSE_STDPERIPH_DRIVER -I"C:/Users/hj2dv3/STM32_workbench/CAN_v1/StdPeriph_Driver/inc" -I"C:/Users/hj2dv3/STM32_workbench/CAN_v1/inc" -I"C:/Users/hj2dv3/STM32_workbench/CAN_v1/CMSIS/device" -I"C:/Users/hj2dv3/STM32_workbench/CAN_v1/CMSIS/core" -I"C:/Users/hj2dv3/STM32_workbench/CAN_v1/src/UART" -O0 -g3 -Wall -fmessage-length=0 -ffunction-sections -c -MMD -MP -MF"StdPeriph_Driver/src/stm32f10x_dbgmcu.d" -MT"StdPeriph_Driver/src/stm32f10x_dbgmcu.o" -o "StdPeriph_Driver/src/stm32f10x_dbgmcu.o" "../StdPeriph_Driver/src/stm32f10x_dbgmcu.c"
Finished building: ../StdPeriph_Driver/src/stm32f10x_dac.c
C:\Users\hj2dv3\STM32_workbench\CAN_v1\Debug
Finished building: ../StdPeriph_Driver/src/stm32f10x_crc.c
arm-none-eabi-gcc -mcpu=cortex-m3 -mthumb -mfloat-abi=soft -DSTM32 -DSTM32F1 -DSTM32F103C8Tx -DDEBUG -DSTM32F10X_MD -DUSE_STDPERIPH_DRIVER -I"C:/Users/hj2dv3/STM32_workbench/CAN_v1/StdPeriph_Driver/inc" -I"C:/Users/hj2dv3/STM32_workbench/CAN_v1/inc" -I"C:/Users/hj2dv3/STM32_workbench/CAN_v1/CMSIS/device" -I"C:/Users/hj2dv3/STM32_workbench/CAN_v1/CMSIS/core" -I"C:/Users/hj2dv3/STM32_workbench/CAN_v1/src/UART" -O0 -g3 -Wall -fmessage-length=0 -ffunction-sections -c -MMD -MP -MF"StdPeriph_Driver/src/stm32f10x_dma.d" -MT"StdPeriph_Driver/src/stm32f10x_dma.o" -o "StdPeriph_Driver/src/stm32f10x_dma.o" "../StdPeriph_Driver/src/stm32f10x_dma.c"
 
 
Building file: ../StdPeriph_Driver/src/stm32f10x_exti.c
Building file: ../StdPeriph_Driver/src/stm32f10x_flash.c
Invoking: MCU GCC Compiler
Invoking: MCU GCC Compiler
C:\Users\hj2dv3\STM32_workbench\CAN_v1\Debug
arm-none-eabi-gcc -mcpu=cortex-m3 -mthumb -mfloat-abi=soft -DSTM32 -DSTM32F1 -DSTM32F103C8Tx -DDEBUG -DSTM32F10X_MD -DUSE_STDPERIPH_DRIVER -I"C:/Users/hj2dv3/STM32_workbench/CAN_v1/StdPeriph_Driver/inc" -I"C:/Users/hj2dv3/STM32_workbench/CAN_v1/inc" -I"C:/Users/hj2dv3/STM32_workbench/CAN_v1/CMSIS/device" -I"C:/Users/hj2dv3/STM32_workbench/CAN_v1/CMSIS/core" -I"C:/Users/hj2dv3/STM32_workbench/CAN_v1/src/UART" -O0 -g3 -Wall -fmessage-length=0 -ffunction-sections -c -MMD -MP -MF"StdPeriph_Driver/src/stm32f10x_exti.d" -MT"StdPeriph_Driver/src/stm32f10x_exti.o" -o "StdPeriph_Driver/src/stm32f10x_exti.o" "../StdPeriph_Driver/src/stm32f10x_exti.c"
C:\Users\hj2dv3\STM32_workbench\CAN_v1\Debug
arm-none-eabi-gcc -mcpu=cortex-m3 -mthumb -mfloat-abi=soft -DSTM32 -DSTM32F1 -DSTM32F103C8Tx -DDEBUG -DSTM32F10X_MD -DUSE_STDPERIPH_DRIVER -I"C:/Users/hj2dv3/STM32_workbench/CAN_v1/StdPeriph_Driver/inc" -I"C:/Users/hj2dv3/STM32_workbench/CAN_v1/inc" -I"C:/Users/hj2dv3/STM32_workbench/CAN_v1/CMSIS/device" -I"C:/Users/hj2dv3/STM32_workbench/CAN_v1/CMSIS/core" -I"C:/Users/hj2dv3/STM32_workbench/CAN_v1/src/UART" -O0 -g3 -Wall -fmessage-length=0 -ffunction-sections -c -MMD -MP -MF"StdPeriph_Driver/src/stm32f10x_flash.d" -MT"StdPeriph_Driver/src/stm32f10x_flash.o" -o "StdPeriph_Driver/src/stm32f10x_flash.o" "../StdPeriph_Driver/src/stm32f10x_flash.c"
Finished building: ../StdPeriph_Driver/src/stm32f10x_dbgmcu.c
 
Finished building: ../StdPeriph_Driver/src/stm32f10x_dma.c
Building file: ../StdPeriph_Driver/src/stm32f10x_fsmc.c
 
Invoking: MCU GCC Compiler
Building file: ../StdPeriph_Driver/src/stm32f10x_gpio.c
C:\Users\hj2dv3\STM32_workbench\CAN_v1\Debug
arm-none-eabi-gcc -mcpu=cortex-m3 -mthumb -mfloat-abi=soft -DSTM32 -DSTM32F1 -DSTM32F103C8Tx -DDEBUG -DSTM32F10X_MD -DUSE_STDPERIPH_DRIVER -I"C:/Users/hj2dv3/STM32_workbench/CAN_v1/StdPeriph_Driver/inc" -I"C:/Users/hj2dv3/STM32_workbench/CAN_v1/inc" -I"C:/Users/hj2dv3/STM32_workbench/CAN_v1/CMSIS/device" -I"C:/Users/hj2dv3/STM32_workbench/CAN_v1/CMSIS/core" -I"C:/Users/hj2dv3/STM32_workbench/CAN_v1/src/UART" -O0 -g3 -Wall -fmessage-length=0 -ffunction-sections -c -MMD -MP -MF"StdPeriph_Driver/src/stm32f10x_fsmc.d" -MT"StdPeriph_Driver/src/stm32f10x_fsmc.o" -o "StdPeriph_Driver/src/stm32f10x_fsmc.o" "../StdPeriph_Driver/src/stm32f10x_fsmc.c"
Invoking: MCU GCC Compiler
C:\Users\hj2dv3\STM32_workbench\CAN_v1\Debug
arm-none-eabi-gcc -mcpu=cortex-m3 -mthumb -mfloat-abi=soft -DSTM32 -DSTM32F1 -DSTM32F103C8Tx -DDEBUG -DSTM32F10X_MD -DUSE_STDPERIPH_DRIVER -I"C:/Users/hj2dv3/STM32_workbench/CAN_v1/StdPeriph_Driver/inc" -I"C:/Users/hj2dv3/STM32_workbench/CAN_v1/inc" -I"C:/Users/hj2dv3/STM32_workbench/CAN_v1/CMSIS/device" -I"C:/Users/hj2dv3/STM32_workbench/CAN_v1/CMSIS/core" -I"C:/Users/hj2dv3/STM32_workbench/CAN_v1/src/UART" -O0 -g3 -Wall -fmessage-length=0 -ffunction-sections -c -MMD -MP -MF"StdPeriph_Driver/src/stm32f10x_gpio.d" -MT"StdPeriph_Driver/src/stm32f10x_gpio.o" -o "StdPeriph_Driver/src/stm32f10x_gpio.o" "../StdPeriph_Driver/src/stm32f10x_gpio.c"
Finished building: ../StdPeriph_Driver/src/stm32f10x_exti.c
Finished building: ../StdPeriph_Driver/src/stm32f10x_flash.c
 
 
Building file: ../StdPeriph_Driver/src/stm32f10x_i2c.c
Building file: ../StdPeriph_Driver/src/stm32f10x_iwdg.c
Invoking: MCU GCC Compiler
Invoking: MCU GCC Compiler
C:\Users\hj2dv3\STM32_workbench\CAN_v1\Debug
arm-none-eabi-gcc -mcpu=cortex-m3 -mthumb -mfloat-abi=soft -DSTM32 -DSTM32F1 -DSTM32F103C8Tx -DDEBUG -DSTM32F10X_MD -DUSE_STDPERIPH_DRIVER -I"C:/Users/hj2dv3/STM32_workbench/CAN_v1/StdPeriph_Driver/inc" -I"C:/Users/hj2dv3/STM32_workbench/CAN_v1/inc" -I"C:/Users/hj2dv3/STM32_workbench/CAN_v1/CMSIS/device" -I"C:/Users/hj2dv3/STM32_workbench/CAN_v1/CMSIS/core" -I"C:/Users/hj2dv3/STM32_workbench/CAN_v1/src/UART" -O0 -g3 -Wall -fmessage-length=0 -ffunction-sections -c -MMD -MP -MF"StdPeriph_Driver/src/stm32f10x_i2c.d" -MT"StdPeriph_Driver/src/stm32f10x_i2c.o" -o "StdPeriph_Driver/src/stm32f10x_i2c.o" "../StdPeriph_Driver/src/stm32f10x_i2c.c"
C:\Users\hj2dv3\STM32_workbench\CAN_v1\Debug
arm-none-eabi-gcc -mcpu=cortex-m3 -mthumb -mfloat-abi=soft -DSTM32 -DSTM32F1 -DSTM32F103C8Tx -DDEBUG -DSTM32F10X_MD -DUSE_STDPERIPH_DRIVER -I"C:/Users/hj2dv3/STM32_workbench/CAN_v1/StdPeriph_Driver/inc" -I"C:/Users/hj2dv3/STM32_workbench/CAN_v1/inc" -I"C:/Users/hj2dv3/STM32_workbench/CAN_v1/CMSIS/device" -I"C:/Users/hj2dv3/STM32_workbench/CAN_v1/CMSIS/core" -I"C:/Users/hj2dv3/STM32_workbench/CAN_v1/src/UART" -O0 -g3 -Wall -fmessage-length=0 -ffunction-sections -c -MMD -MP -MF"StdPeriph_Driver/src/stm32f10x_iwdg.d" -MT"StdPeriph_Driver/src/stm32f10x_iwdg.o" -o "StdPeriph_Driver/src/stm32f10x_iwdg.o" "../StdPeriph_Driver/src/stm32f10x_iwdg.c"
Finished building: ../StdPeriph_Driver/src/stm32f10x_fsmc.c
 
Finished building: ../StdPeriph_Driver/src/stm32f10x_gpio.c
Building file: ../StdPeriph_Driver/src/stm32f10x_pwr.c
 
Invoking: MCU GCC Compiler
Building file: ../StdPeriph_Driver/src/stm32f10x_rcc.c
C:\Users\hj2dv3\STM32_workbench\CAN_v1\Debug
arm-none-eabi-gcc -mcpu=cortex-m3 -mthumb -mfloat-abi=soft -DSTM32 -DSTM32F1 -DSTM32F103C8Tx -DDEBUG -DSTM32F10X_MD -DUSE_STDPERIPH_DRIVER -I"C:/Users/hj2dv3/STM32_workbench/CAN_v1/StdPeriph_Driver/inc" -I"C:/Users/hj2dv3/STM32_workbench/CAN_v1/inc" -I"C:/Users/hj2dv3/STM32_workbench/CAN_v1/CMSIS/device" -I"C:/Users/hj2dv3/STM32_workbench/CAN_v1/CMSIS/core" -I"C:/Users/hj2dv3/STM32_workbench/CAN_v1/src/UART" -O0 -g3 -Wall -fmessage-length=0 -ffunction-sections -c -MMD -MP -MF"StdPeriph_Driver/src/stm32f10x_pwr.d" -MT"StdPeriph_Driver/src/stm32f10x_pwr.o" -o "StdPeriph_Driver/src/stm32f10x_pwr.o" "../StdPeriph_Driver/src/stm32f10x_pwr.c"
Invoking: MCU GCC Compiler
C:\Users\hj2dv3\STM32_workbench\CAN_v1\Debug
arm-none-eabi-gcc -mcpu=cortex-m3 -mthumb -mfloat-abi=soft -DSTM32 -DSTM32F1 -DSTM32F103C8Tx -DDEBUG -DSTM32F10X_MD -DUSE_STDPERIPH_DRIVER -I"C:/Users/hj2dv3/STM32_workbench/CAN_v1/StdPeriph_Driver/inc" -I"C:/Users/hj2dv3/STM32_workbench/CAN_v1/inc" -I"C:/Users/hj2dv3/STM32_workbench/CAN_v1/CMSIS/device" -I"C:/Users/hj2dv3/STM32_workbench/CAN_v1/CMSIS/core" -I"C:/Users/hj2dv3/STM32_workbench/CAN_v1/src/UART" -O0 -g3 -Wall -fmessage-length=0 -ffunction-sections -c -MMD -MP -MF"StdPeriph_Driver/src/stm32f10x_rcc.d" -MT"StdPeriph_Driver/src/stm32f10x_rcc.o" -o "StdPeriph_Driver/src/stm32f10x_rcc.o" "../StdPeriph_Driver/src/stm32f10x_rcc.c"
Finished building: ../StdPeriph_Driver/src/stm32f10x_i2c.c
 
Building file: ../StdPeriph_Driver/src/stm32f10x_rtc.c
Finished building: ../StdPeriph_Driver/src/stm32f10x_iwdg.c
Invoking: MCU GCC Compiler
 
C:\Users\hj2dv3\STM32_workbench\CAN_v1\Debug
Building file: ../StdPeriph_Driver/src/stm32f10x_sdio.c
arm-none-eabi-gcc -mcpu=cortex-m3 -mthumb -mfloat-abi=soft -DSTM32 -DSTM32F1 -DSTM32F103C8Tx -DDEBUG -DSTM32F10X_MD -DUSE_STDPERIPH_DRIVER -I"C:/Users/hj2dv3/STM32_workbench/CAN_v1/StdPeriph_Driver/inc" -I"C:/Users/hj2dv3/STM32_workbench/CAN_v1/inc" -I"C:/Users/hj2dv3/STM32_workbench/CAN_v1/CMSIS/device" -I"C:/Users/hj2dv3/STM32_workbench/CAN_v1/CMSIS/core" -I"C:/Users/hj2dv3/STM32_workbench/CAN_v1/src/UART" -O0 -g3 -Wall -fmessage-length=0 -ffunction-sections -c -MMD -MP -MF"StdPeriph_Driver/src/stm32f10x_rtc.d" -MT"StdPeriph_Driver/src/stm32f10x_rtc.o" -o "StdPeriph_Driver/src/stm32f10x_rtc.o" "../StdPeriph_Driver/src/stm32f10x_rtc.c"
Finished building: ../StdPeriph_Driver/src/stm32f10x_pwr.c
Invoking: MCU GCC Compiler
 
C:\Users\hj2dv3\STM32_workbench\CAN_v1\Debug
arm-none-eabi-gcc -mcpu=cortex-m3 -mthumb -mfloat-abi=soft -DSTM32 -DSTM32F1 -DSTM32F103C8Tx -DDEBUG -DSTM32F10X_MD -DUSE_STDPERIPH_DRIVER -I"C:/Users/hj2dv3/STM32_workbench/CAN_v1/StdPeriph_Driver/inc" -I"C:/Users/hj2dv3/STM32_workbench/CAN_v1/inc" -I"C:/Users/hj2dv3/STM32_workbench/CAN_v1/CMSIS/device" -I"C:/Users/hj2dv3/STM32_workbench/CAN_v1/CMSIS/core" -I"C:/Users/hj2dv3/STM32_workbench/CAN_v1/src/UART" -O0 -g3 -Wall -fmessage-length=0 -ffunction-sections -c -MMD -MP -MF"StdPeriph_Driver/src/stm32f10x_sdio.d" -MT"StdPeriph_Driver/src/stm32f10x_sdio.o" -o "StdPeriph_Driver/src/stm32f10x_sdio.o" "../StdPeriph_Driver/src/stm32f10x_sdio.c"
Finished building: ../StdPeriph_Driver/src/stm32f10x_rcc.c
[...]
 
00:17:15 **** Incremental Build of configuration Debug for project CAN_v1 ****
make -j4 all 
make: Nothing to be done for 'all'.
00:21:03 **** Incremental Build of configuration Debug for project CAN_v1 ****
make -j4 all 
Building file: ../src/stm32f10x_it.c
Invoking: MCU GCC Compiler
C:\Users\hj2dv3\STM32_workbench\CAN_v1\Debug
arm-none-eabi-gcc -mcpu=cortex-m3 -mthumb -mfloat-abi=soft -DSTM32 -DSTM32F1 -DSTM32F103C8Tx -DDEBUG -DSTM32F10X_MD -DUSE_STDPERIPH_DRIVER -I"C:/Users/hj2dv3/STM32_workbench/CAN_v1/StdPeriph_Driver/inc" -I"C:/Users/hj2dv3/STM32_workbench/CAN_v1/inc" -I"C:/Users/hj2dv3/STM32_workbench/CAN_v1/CMSIS/device" -I"C:/Users/hj2dv3/STM32_workbench/CAN_v1/CMSIS/core" -I"C:/Users/hj2dv3/STM32_workbench/CAN_v1/src/UART" -O0 -g3 -Wall -fmessage-length=0 -ffunction-sections -c -MMD -MP -MF"src/stm32f10x_it.d" -MT"src/stm32f10x_it.o" -o "src/stm32f10x_it.o" "../src/stm32f10x_it.c"
Finished building: ../src/stm32f10x_it.c
 
Building target: CAN_v1.elf
Invoking: MCU GCC Linker
arm-none-eabi-gcc -mcpu=cortex-m3 -mthumb -mfloat-abi=soft -T"C:/Users/hj2dv3/STM32_workbench/CAN_v1/LinkerScript.ld" -Wl,-Map=output.map -Wl,--gc-sections -o "CAN_v1.elf" @"objects.list"   -lm
Finished building target: CAN_v1.elf
 
make --no-print-directory post-build
Generating binary and Printing size information:
arm-none-eabi-objcopy -O binary "CAN_v1.elf" "CAN_v1.bin"
arm-none-eabi-size "CAN_v1.elf"
   text	   data	    bss	    dec	    hex	filename
   8192	   1104	   1236	  10532	   2924	CAN_v1.elf
 
00:21:09 **** Incremental Build of configuration Debug for project CAN_v1 ****
make -j4 all 
make: Nothing to be done for 'all'.
00:22:47 **** Incremental Build of configuration Debug for project CAN_v1 ****
make -j4 all 
Building file: ../src/stm32f10x_it.c
Invoking: MCU GCC Compiler
C:\Users\hj2dv3\STM32_workbench\CAN_v1\Debug
arm-none-eabi-gcc -mcpu=cortex-m3 -mthumb -mfloat-abi=soft -DSTM32 -DSTM32F1 -DSTM32F103C8Tx -DDEBUG -DSTM32F10X_MD -DUSE_STDPERIPH_DRIVER -I"C:/Users/hj2dv3/STM32_workbench/CAN_v1/StdPeriph_Driver/inc" -I"C:/Users/hj2dv3/STM32_workbench/CAN_v1/inc" -I"C:/Users/hj2dv3/STM32_workbench/CAN_v1/CMSIS/device" -I"C:/Users/hj2dv3/STM32_workbench/CAN_v1/CMSIS/core" -I"C:/Users/hj2dv3/STM32_workbench/CAN_v1/src/UART" -O0 -g3 -Wall -fmessage-length=0 -ffunction-sections -c -MMD -MP -MF"src/stm32f10x_it.d" -MT"src/stm32f10x_it.o" -o "src/stm32f10x_it.o" "../src/stm32f10x_it.c"
Finished building: ../src/stm32f10x_it.c
 
Building target: CAN_v1.elf
Invoking: MCU GCC Linker
arm-none-eabi-gcc -mcpu=cortex-m3 -mthumb -mfloat-abi=soft -T"C:/Users/hj2dv3/STM32_workbench/CAN_v1/LinkerScript.ld" -Wl,-Map=output.map -Wl,--gc-sections -o "CAN_v1.elf" @"objects.list"   -lm
Finished building target: CAN_v1.elf
 
make --no-print-directory post-build
Generating binary and Printing size information:
arm-none-eabi-objcopy -O binary "CAN_v1.elf" "CAN_v1.bin"
arm-none-eabi-size "CAN_v1.elf"
   text	   data	    bss	    dec	    hex	filename
   8208	   1104	   1236	  10548	   2934	CAN_v1.elf
 
00:22:57 **** Incremental Build of configuration Debug for project CAN_v1 ****
make -j4 all 
make: Nothing to be done for 'all'.
00:24:55 **** Incremental Build of configuration Debug for project CAN_v1 ****
make -j4 all 
Building file: ../src/main.c
Invoking: MCU GCC Compiler
C:\Users\hj2dv3\STM32_workbench\CAN_v1\Debug
arm-none-eabi-gcc -mcpu=cortex-m3 -mthumb -mfloat-abi=soft -DSTM32 -DSTM32F1 -DSTM32F103C8Tx -DDEBUG -DSTM32F10X_MD -DUSE_STDPERIPH_DRIVER -I"C:/Users/hj2dv3/STM32_workbench/CAN_v1/StdPeriph_Driver/inc" -I"C:/Users/hj2dv3/STM32_workbench/CAN_v1/inc" -I"C:/Users/hj2dv3/STM32_workbench/CAN_v1/CMSIS/device" -I"C:/Users/hj2dv3/STM32_workbench/CAN_v1/CMSIS/core" -I"C:/Users/hj2dv3/STM32_workbench/CAN_v1/src/UART" -O0 -g3 -Wall -fmessage-length=0 -ffunction-sections -c -MMD -MP -MF"src/main.d" -MT"src/main.o" -o "src/main.o" "../src/main.c"
../src/main.c: In function 'main':
../src/main.c:42:9: warning: variable 'temp1' set but not used [-Wunused-but-set-variable]
 uint8_t temp1;
         ^~~~~
../src/main.c: In function 'CAN_Config':
../src/main.c:132:11: warning: variable 'ststus' set but not used [-Wunused-but-set-variable]
   uint8_t ststus = 10;
           ^~~~~~
Finished building: ../src/main.c
 
Building target: CAN_v1.elf
Invoking: MCU GCC Linker
arm-none-eabi-gcc -mcpu=cortex-m3 -mthumb -mfloat-abi=soft -T"C:/Users/hj2dv3/STM32_workbench/CAN_v1/LinkerScript.ld" -Wl,-Map=output.map -Wl,--gc-sections -o "CAN_v1.elf" @"objects.list"   -lm
Finished building target: CAN_v1.elf
 
make --no-print-directory post-build
Generating binary and Printing size information:
arm-none-eabi-objcopy -O binary "CAN_v1.elf" "CAN_v1.bin"
arm-none-eabi-size "CAN_v1.elf"
   text	   data	    bss	    dec	    hex	filename
   8220	   1104	   1236	  10560	   2940	CAN_v1.elf
 
00:25:01 **** Incremental Build of configuration Debug for project CAN_v1 ****
make -j4 all 
Building file: ../src/main.c
Invoking: MCU GCC Compiler
C:\Users\hj2dv3\STM32_workbench\CAN_v1\Debug
arm-none-eabi-gcc -mcpu=cortex-m3 -mthumb -mfloat-abi=soft -DSTM32 -DSTM32F1 -DSTM32F103C8Tx -DDEBUG -DSTM32F10X_MD -DUSE_STDPERIPH_DRIVER -I"C:/Users/hj2dv3/STM32_workbench/CAN_v1/StdPeriph_Driver/inc" -I"C:/Users/hj2dv3/STM32_workbench/CAN_v1/inc" -I"C:/Users/hj2dv3/STM32_workbench/CAN_v1/CMSIS/device" -I"C:/Users/hj2dv3/STM32_workbench/CAN_v1/CMSIS/core" -I"C:/Users/hj2dv3/STM32_workbench/CAN_v1/src/UART" -O0 -g3 -Wall -fmessage-length=0 -ffunction-sections -c -MMD -MP -MF"src/main.d" -MT"src/main.o" -o "src/main.o" "../src/main.c"
../src/main.c: In function 'main':
../src/main.c:42:9: warning: variable 'temp1' set but not used [-Wunused-but-set-variable]
 uint8_t temp1;
         ^~~~~
../src/main.c: In function 'CAN_Config':
../src/main.c:132:11: warning: variable 'ststus' set but not used [-Wunused-but-set-variable]
   uint8_t ststus = 10;
           ^~~~~~
Finished building: ../src/main.c
 
Building target: CAN_v1.elf
Invoking: MCU GCC Linker
arm-none-eabi-gcc -mcpu=cortex-m3 -mthumb -mfloat-abi=soft -T"C:/Users/hj2dv3/STM32_workbench/CAN_v1/LinkerScript.ld" -Wl,-Map=output.map -Wl,--gc-sections -o "CAN_v1.elf" @"objects.list"   -lm
Finished building target: CAN_v1.elf
 
make --no-print-directory post-build
Generating binary and Printing size information:
arm-none-eabi-objcopy -O binary "CAN_v1.elf" "CAN_v1.bin"
arm-none-eabi-size "CAN_v1.elf"
   text	   data	    bss	    dec	    hex	filename
   8220	   1104	   1236	  10560	   2940	CAN_v1.elf
 
00:25:06 **** Incremental Build of configuration Debug for project CAN_v1 ****
make -j4 all 
make: Nothing to be done for 'all'.
00:25:45 **** Incremental Build of configuration Debug for project CAN_v1 ****
make -j4 all 
Building file: ../src/stm32f10x_it.c
Invoking: MCU GCC Compiler
C:\Users\hj2dv3\STM32_workbench\CAN_v1\Debug
arm-none-eabi-gcc -mcpu=cortex-m3 -mthumb -mfloat-abi=soft -DSTM32 -DSTM32F1 -DSTM32F103C8Tx -DDEBUG -DSTM32F10X_MD -DUSE_STDPERIPH_DRIVER -I"C:/Users/hj2dv3/STM32_workbench/CAN_v1/StdPeriph_Driver/inc" -I"C:/Users/hj2dv3/STM32_workbench/CAN_v1/inc" -I"C:/Users/hj2dv3/STM32_workbench/CAN_v1/CMSIS/device" -I"C:/Users/hj2dv3/STM32_workbench/CAN_v1/CMSIS/core" -I"C:/Users/hj2dv3/STM32_workbench/CAN_v1/src/UART" -O0 -g3 -Wall -fmessage-length=0 -ffunction-sections -c -MMD -MP -MF"src/stm32f10x_it.d" -MT"src/stm32f10x_it.o" -o "src/stm32f10x_it.o" "../src/stm32f10x_it.c"
Finished building: ../src/stm32f10x_it.c
 
Building target: CAN_v1.elf
Invoking: MCU GCC Linker
arm-none-eabi-gcc -mcpu=cortex-m3 -mthumb -mfloat-abi=soft -T"C:/Users/hj2dv3/STM32_workbench/CAN_v1/LinkerScript.ld" -Wl,-Map=output.map -Wl,--gc-sections -o "CAN_v1.elf" @"objects.list"   -lm
Finished building target: CAN_v1.elf
 
make --no-print-directory post-build
Generating binary and Printing size information:
arm-none-eabi-objcopy -O binary "CAN_v1.elf" "CAN_v1.bin"
arm-none-eabi-size "CAN_v1.elf"
   text	   data	    bss	    dec	    hex	filename
   8216	   1104	   1236	  10556	   293c	CAN_v1.elf
 
00:25:52 **** Incremental Build of configuration Debug for project CAN_v1 ****
make -j4 all 
make: Nothing to be done for 'all'.
00:26:27 **** Incremental Build of configuration Debug for project CAN_v1 ****
make -j4 all 
Building file: ../src/main.c
Invoking: MCU GCC Compiler
C:\Users\hj2dv3\STM32_workbench\CAN_v1\Debug
arm-none-eabi-gcc -mcpu=cortex-m3 -mthumb -mfloat-abi=soft -DSTM32 -DSTM32F1 -DSTM32F103C8Tx -DDEBUG -DSTM32F10X_MD -DUSE_STDPERIPH_DRIVER -I"C:/Users/hj2dv3/STM32_workbench/CAN_v1/StdPeriph_Driver/inc" -I"C:/Users/hj2dv3/STM32_workbench/CAN_v1/inc" -I"C:/Users/hj2dv3/STM32_workbench/CAN_v1/CMSIS/device" -I"C:/Users/hj2dv3/STM32_workbench/CAN_v1/CMSIS/core" -I"C:/Users/hj2dv3/STM32_workbench/CAN_v1/src/UART" -O0 -g3 -Wall -fmessage-length=0 -ffunction-sections -c -MMD -MP -MF"src/main.d" -MT"src/main.o" -o "src/main.o" "../src/main.c"
../src/main.c: In function 'main':
../src/main.c:42:9: warning: variable 'temp1' set but not used [-Wunused-but-set-variable]
 uint8_t temp1;
         ^~~~~
../src/main.c: In function 'CAN_Config':
../src/main.c:132:11: warning: variable 'ststus' set but not used [-Wunused-but-set-variable]
   uint8_t ststus = 10;
           ^~~~~~
Finished building: ../src/main.c
 
Building target: CAN_v1.elf
Invoking: MCU GCC Linker
arm-none-eabi-gcc -mcpu=cortex-m3 -mthumb -mfloat-abi=soft -T"C:/Users/hj2dv3/STM32_workbench/CAN_v1/LinkerScript.ld" -Wl,-Map=output.map -Wl,--gc-sections -o "CAN_v1.elf" @"objects.list"   -lm
Finished building target: CAN_v1.elf
 
make --no-print-directory post-build
Generating binary and Printing size information:
arm-none-eabi-objcopy -O binary "CAN_v1.elf" "CAN_v1.bin"
arm-none-eabi-size "CAN_v1.elf"
   text	   data	    bss	    dec	    hex	filename
   8228	   1104	   1236	  10568	   2948	CAN_v1.elf
 
00:26:33 **** Incremental Build of configuration Debug for project CAN_v1 ****
make -j4 all 
make: Nothing to be done for 'all'.
00:27:30 **** Incremental Build of configuration Debug for project CAN_v1 ****
make -j4 all 
Building file: ../src/main.c
Invoking: MCU GCC Compiler
C:\Users\hj2dv3\STM32_workbench\CAN_v1\Debug
arm-none-eabi-gcc -mcpu=cortex-m3 -mthumb -mfloat-abi=soft -DSTM32 -DSTM32F1 -DSTM32F103C8Tx -DDEBUG -DSTM32F10X_MD -DUSE_STDPERIPH_DRIVER -I"C:/Users/hj2dv3/STM32_workbench/CAN_v1/StdPeriph_Driver/inc" -I"C:/Users/hj2dv3/STM32_workbench/CAN_v1/inc" -I"C:/Users/hj2dv3/STM32_workbench/CAN_v1/CMSIS/device" -I"C:/Users/hj2dv3/STM32_workbench/CAN_v1/CMSIS/core" -I"C:/Users/hj2dv3/STM32_workbench/CAN_v1/src/UART" -O0 -g3 -Wall -fmessage-length=0 -ffunction-sections -c -MMD -MP -MF"src/main.d" -MT"src/main.o" -o "src/main.o" "../src/main.c"
../src/main.c: In function 'main':
../src/main.c:42:9: warning: variable 'temp1' set but not used [-Wunused-but-set-variable]
 uint8_t temp1;
         ^~~~~
../src/main.c: In function 'CAN_Config':
../src/main.c:133:11: warning: variable 'ststus' set but not used [-Wunused-but-set-variable]
   uint8_t ststus = 10;
           ^~~~~~
Finished building: ../src/main.c
 
Building target: CAN_v1.elf
Invoking: MCU GCC Linker
arm-none-eabi-gcc -mcpu=cortex-m3 -mthumb -mfloat-abi=soft -T"C:/Users/hj2dv3/STM32_workbench/CAN_v1/LinkerScript.ld" -Wl,-Map=output.map -Wl,--gc-sections -o "CAN_v1.elf" @"objects.list"   -lm
Finished building target: CAN_v1.elf
 
make --no-print-directory post-build
Generating binary and Printing size information:
arm-none-eabi-objcopy -O binary "CAN_v1.elf" "CAN_v1.bin"
arm-none-eabi-size "CAN_v1.elf"
   text	   data	    bss	    dec	    hex	filename
   8236	   1104	   1236	  10576	   2950	CAN_v1.elf
 
00:27:36 **** Incremental Build of configuration Debug for project CAN_v1 ****
make -j4 all 
make: Nothing to be done for 'all'.
00:28:34 **** Incremental Build of configuration Debug for project CAN_v1 ****
make -j4 all 
Building file: ../src/stm32f10x_it.c
Invoking: MCU GCC Compiler
C:\Users\hj2dv3\STM32_workbench\CAN_v1\Debug
arm-none-eabi-gcc -mcpu=cortex-m3 -mthumb -mfloat-abi=soft -DSTM32 -DSTM32F1 -DSTM32F103C8Tx -DDEBUG -DSTM32F10X_MD -DUSE_STDPERIPH_DRIVER -I"C:/Users/hj2dv3/STM32_workbench/CAN_v1/StdPeriph_Driver/inc" -I"C:/Users/hj2dv3/STM32_workbench/CAN_v1/inc" -I"C:/Users/hj2dv3/STM32_workbench/CAN_v1/CMSIS/device" -I"C:/Users/hj2dv3/STM32_workbench/CAN_v1/CMSIS/core" -I"C:/Users/hj2dv3/STM32_workbench/CAN_v1/src/UART" -O0 -g3 -Wall -fmessage-length=0 -ffunction-sections -c -MMD -MP -MF"src/stm32f10x_it.d" -MT"src/stm32f10x_it.o" -o "src/stm32f10x_it.o" "../src/stm32f10x_it.c"
Finished building: ../src/stm32f10x_it.c
 
Building target: CAN_v1.elf
Invoking: MCU GCC Linker
arm-none-eabi-gcc -mcpu=cortex-m3 -mthumb -mfloat-abi=soft -T"C:/Users/hj2dv3/STM32_workbench/CAN_v1/LinkerScript.ld" -Wl,-Map=output.map -Wl,--gc-sections -o "CAN_v1.elf" @"objects.list"   -lm
Finished building target: CAN_v1.elf
 
make --no-print-directory post-build
Generating binary and Printing size information:
arm-none-eabi-objcopy -O binary "CAN_v1.elf" "CAN_v1.bin"
arm-none-eabi-size "CAN_v1.elf"
   text	   data	    bss	    dec	    hex	filename
   8292	   1104	   1236	  10632	   2988	CAN_v1.elf
 
00:28:40 **** Incremental Build of configuration Debug for project CAN_v1 ****
make -j4 all 
make: Nothing to be done for 'all'.
00:29:08 **** Incremental Build of configuration Debug for project CAN_v1 ****
make -j4 all 
Building file: ../src/main.c
Invoking: MCU GCC Compiler
C:\Users\hj2dv3\STM32_workbench\CAN_v1\Debug
arm-none-eabi-gcc -mcpu=cortex-m3 -mthumb -mfloat-abi=soft -DSTM32 -DSTM32F1 -DSTM32F103C8Tx -DDEBUG -DSTM32F10X_MD -DUSE_STDPERIPH_DRIVER -I"C:/Users/hj2dv3/STM32_workbench/CAN_v1/StdPeriph_Driver/inc" -I"C:/Users/hj2dv3/STM32_workbench/CAN_v1/inc" -I"C:/Users/hj2dv3/STM32_workbench/CAN_v1/CMSIS/device" -I"C:/Users/hj2dv3/STM32_workbench/CAN_v1/CMSIS/core" -I"C:/Users/hj2dv3/STM32_workbench/CAN_v1/src/UART" -O0 -g3 -Wall -fmessage-length=0 -ffunction-sections -c -MMD -MP -MF"src/main.d" -MT"src/main.o" -o "src/main.o" "../src/main.c"
../src/main.c: In function 'main':
../src/main.c:42:9: warning: variable 'temp1' set but not used [-Wunused-but-set-variable]
 uint8_t temp1;
         ^~~~~
../src/main.c: In function 'CAN_Config':
../src/main.c:133:11: warning: variable 'ststus' set but not used [-Wunused-but-set-variable]
   uint8_t ststus = 10;
           ^~~~~~
Finished building: ../src/main.c
 
Building target: CAN_v1.elf
Invoking: MCU GCC Linker
arm-none-eabi-gcc -mcpu=cortex-m3 -mthumb -mfloat-abi=soft -T"C:/Users/hj2dv3/STM32_workbench/CAN_v1/LinkerScript.ld" -Wl,-Map=output.map -Wl,--gc-sections -o "CAN_v1.elf" @"objects.list"   -lm
Finished building target: CAN_v1.elf
 
make --no-print-directory post-build
Generating binary and Printing size information:
arm-none-eabi-objcopy -O binary "CAN_v1.elf" "CAN_v1.bin"
arm-none-eabi-size "CAN_v1.elf"
   text	   data	    bss	    dec	    hex	filename
   8300	   1104	   1236	  10640	   2990	CAN_v1.elf
 
00:29:19 **** Incremental Build of configuration Debug for project CAN_v1 ****
make -j4 all 
Building file: ../src/stm32f10x_it.c
Invoking: MCU GCC Compiler
C:\Users\hj2dv3\STM32_workbench\CAN_v1\Debug
arm-none-eabi-gcc -mcpu=cortex-m3 -mthumb -mfloat-abi=soft -DSTM32 -DSTM32F1 -DSTM32F103C8Tx -DDEBUG -DSTM32F10X_MD -DUSE_STDPERIPH_DRIVER -I"C:/Users/hj2dv3/STM32_workbench/CAN_v1/StdPeriph_Driver/inc" -I"C:/Users/hj2dv3/STM32_workbench/CAN_v1/inc" -I"C:/Users/hj2dv3/STM32_workbench/CAN_v1/CMSIS/device" -I"C:/Users/hj2dv3/STM32_workbench/CAN_v1/CMSIS/core" -I"C:/Users/hj2dv3/STM32_workbench/CAN_v1/src/UART" -O0 -g3 -Wall -fmessage-length=0 -ffunction-sections -c -MMD -MP -MF"src/stm32f10x_it.d" -MT"src/stm32f10x_it.o" -o "src/stm32f10x_it.o" "../src/stm32f10x_it.c"
Finished building: ../src/stm32f10x_it.c
 
Building target: CAN_v1.elf
Invoking: MCU GCC Linker
arm-none-eabi-gcc -mcpu=cortex-m3 -mthumb -mfloat-abi=soft -T"C:/Users/hj2dv3/STM32_workbench/CAN_v1/LinkerScript.ld" -Wl,-Map=output.map -Wl,--gc-sections -o "CAN_v1.elf" @"objects.list"   -lm
Finished building target: CAN_v1.elf
 
make --no-print-directory post-build
Generating binary and Printing size information:
arm-none-eabi-objcopy -O binary "CAN_v1.elf" "CAN_v1.bin"
arm-none-eabi-size "CAN_v1.elf"
   text	   data	    bss	    dec	    hex	filename
   8232	   1104	   1236	  10572	   294c	CAN_v1.elf
 
00:29:25 **** Incremental Build of configuration Debug for project CAN_v1 ****
make -j4 all 
make: Nothing to be done for 'all'.
01:34:18 **** Build of configuration Debug for project CAN_v1 ****
make -j4 all 
Building file: ../src/main.c
Invoking: MCU GCC Compiler
C:\Users\hj2dv3\STM32_workbench\CAN_v1\Debug
arm-none-eabi-gcc -mcpu=cortex-m3 -mthumb -mfloat-abi=soft -DSTM32 -DSTM32F1 -DSTM32F103C8Tx -DDEBUG -DSTM32F10X_MD -DUSE_STDPERIPH_DRIVER -I"C:/Users/hj2dv3/STM32_workbench/CAN_v1/StdPeriph_Driver/inc" -I"C:/Users/hj2dv3/STM32_workbench/CAN_v1/inc" -I"C:/Users/hj2dv3/STM32_workbench/CAN_v1/CMSIS/device" -I"C:/Users/hj2dv3/STM32_workbench/CAN_v1/CMSIS/core" -I"C:/Users/hj2dv3/STM32_workbench/CAN_v1/src/UART" -O0 -g3 -Wall -fmessage-length=0 -ffunction-sections -c -MMD -MP -MF"src/main.d" -MT"src/main.o" -o "src/main.o" "../src/main.c"
../src/main.c: In function 'main':
../src/main.c:42:9: warning: variable 'temp1' set but not used [-Wunused-but-set-variable]
 uint8_t temp1;
         ^~~~~
../src/main.c: In function 'CAN_Config':
../src/main.c:133:11: warning: variable 'ststus' set but not used [-Wunused-but-set-variable]
   uint8_t ststus = 10;
           ^~~~~~
Finished building: ../src/main.c
 
Building target: CAN_v1.elf
Invoking: MCU GCC Linker
arm-none-eabi-gcc -mcpu=cortex-m3 -mthumb -mfloat-abi=soft -T"C:/Users/hj2dv3/STM32_workbench/CAN_v1/LinkerScript.ld" -Wl,-Map=output.map -Wl,--gc-sections -o "CAN_v1.elf" @"objects.list"   -lm
Finished building target: CAN_v1.elf
 
make --no-print-directory post-build
Generating binary and Printing size information:
arm-none-eabi-objcopy -O binary "CAN_v1.elf" "CAN_v1.bin"
arm-none-eabi-size "CAN_v1.elf"
   text	   data	    bss	    dec	    hex	filename
   8232	   1104	   1236	  10572	   294c	CAN_v1.elf
 
01:37:03 **** Incremental Build of configuration Debug for project CAN_v1 ****
make -j4 all 
make: Nothing to be done for 'all'.
01:43:31 **** Incremental Build of configuration Debug for project CAN_v1 ****
make -j4 all 
Building file: ../src/main.c
Invoking: MCU GCC Compiler
C:\Users\hj2dv3\STM32_workbench\CAN_v1\Debug
arm-none-eabi-gcc -mcpu=cortex-m3 -mthumb -mfloat-abi=soft -DSTM32 -DSTM32F1 -DSTM32F103C8Tx -DDEBUG -DSTM32F10X_MD -DUSE_STDPERIPH_DRIVER -I"C:/Users/hj2dv3/STM32_workbench/CAN_v1/StdPeriph_Driver/inc" -I"C:/Users/hj2dv3/STM32_workbench/CAN_v1/inc" -I"C:/Users/hj2dv3/STM32_workbench/CAN_v1/CMSIS/device" -I"C:/Users/hj2dv3/STM32_workbench/CAN_v1/CMSIS/core" -I"C:/Users/hj2dv3/STM32_workbench/CAN_v1/src/UART" -O0 -g3 -Wall -fmessage-length=0 -ffunction-sections -c -MMD -MP -MF"src/main.d" -MT"src/main.o" -o "src/main.o" "../src/main.c"
../src/main.c: In function 'main':
../src/main.c:42:9: warning: variable 'temp1' set but not used [-Wunused-but-set-variable]
 uint8_t temp1;
         ^~~~~
../src/main.c: In function 'CAN_Config':
../src/main.c:133:11: warning: variable 'ststus' set but not used [-Wunused-but-set-variable]
   uint8_t ststus = 10;
           ^~~~~~
Finished building: ../src/main.c
 
Building target: CAN_v1.elf
Invoking: MCU GCC Linker
arm-none-eabi-gcc -mcpu=cortex-m3 -mthumb -mfloat-abi=soft -T"C:/Users/hj2dv3/STM32_workbench/CAN_v1/LinkerScript.ld" -Wl,-Map=output.map -Wl,--gc-sections -o "CAN_v1.elf" @"objects.list"   -lm
Finished building target: CAN_v1.elf
 
make --no-print-directory post-build
Generating binary and Printing size information:
arm-none-eabi-objcopy -O binary "CAN_v1.elf" "CAN_v1.bin"
arm-none-eabi-size "CAN_v1.elf"
   text	   data	    bss	    dec	    hex	filename
   8232	   1104	   1236	  10572	   294c	CAN_v1.elf
 
01:43:37 **** Incremental Build of configuration Debug for project CAN_v1 ****
make -j4 all 
make: Nothing to be done for 'all'.
